2025-08-04 12:56:46 - ingestor - INFO - Ingestor service starting...
2025-08-04 12:56:46 - ingestor - INFO - Setting up watcher for directory: D:\Langs\Team_Docs\Local working prototype\Document-Ingestion-and-Classification\Backend\ingestor\folder
2025-08-04 12:56:46 - ingestor - INFO - Watcher started. Monitoring for new documents...
2025-08-04 13:03:08 - ingestor - INFO - Ingestor service stopped by user.
2025-08-04 13:06:01 - ingestor - INFO - Ingestor service starting...
2025-08-04 13:06:01 - ingestor - INFO - Setting up watcher for directory: D:\Langs\Team_Docs\Local working prototype\Document-Ingestion-and-Classification\Backend\ingestor\folder
2025-08-04 13:06:01 - ingestor - INFO - Watcher started. Monitoring for new documents...
2025-08-04 13:07:09 - ingestor - INFO - New document detected: sample-invoice.pdf
2025-08-04 13:07:09 - ingestor - ERROR - Failed to process or emit event for sample-invoice.pdf
Traceback (most recent call last):
  File "D:\Langs\Team_Docs\Local working prototype\Document-Ingestion-and-Classification\Backend\ingestor\ingestor.py", line 45, in on_created
    emit_event(
TypeError: emit_event() got an unexpected keyword argument 'path'
2025-08-04 13:11:25 - ingestor - INFO - Ingestor service stopped by user.
2025-08-04 13:46:49 - ingestor - INFO - Ingestor service starting...
2025-08-04 13:46:49 - ingestor - INFO - Setting up watcher for directory: D:\Langs\Team_Docs\Local working prototype\Document-Ingestion-and-Classification\Backend\ingestor\folder
2025-08-04 13:46:49 - ingestor - INFO - Watcher started. Monitoring for new documents...
2025-08-04 13:47:15 - ingestor - INFO - New document detected: NEW_RESUME.pdf
2025-08-04 13:47:15 - ingestor - ERROR - Failed to process or emit event for NEW_RESUME.pdf
Traceback (most recent call last):
  File "D:\Langs\Team_Docs\Local working prototype\Document-Ingestion-and-Classification\Backend\ingestor\ingestor.py", line 45, in on_created
    emit_event(
TypeError: emit_event() got an unexpected keyword argument 'file_path'
2025-08-04 13:52:38 - ingestor - INFO - Ingestor service stopped by user.
2025-08-04 13:52:44 - ingestor - INFO - Ingestor service starting...
2025-08-04 13:52:44 - ingestor - INFO - Setting up watcher for directory: D:\Langs\Team_Docs\Local working prototype\Document-Ingestion-and-Classification\Backend\ingestor\folder
2025-08-04 13:52:44 - ingestor - INFO - Watcher started. Monitoring for new documents...
2025-08-04 13:53:22 - ingestor - INFO - Ingestor service stopped by user.
2025-08-04 13:53:27 - ingestor - INFO - Ingestor service starting...
2025-08-04 13:53:27 - ingestor - INFO - Setting up watcher for directory: D:\Langs\Team_Docs\Local working prototype\Document-Ingestion-and-Classification\Backend\ingestor\folder
2025-08-04 13:53:27 - ingestor - INFO - Watcher started. Monitoring for new documents...
2025-08-04 13:53:46 - ingestor - INFO - New document detected: NEW_RESUME.pdf
2025-08-04 13:53:46 - ingestor - ERROR - Failed to process or emit event for NEW_RESUME.pdf
Traceback (most recent call last):
  File "D:\Langs\Team_Docs\Local working prototype\Document-Ingestion-and-Classification\Backend\ingestor\ingestor.py", line 45, in on_created
    emit_event(
TypeError: emit_event() got an unexpected keyword argument 'file_path'
2025-08-04 13:54:20 - ingestor - INFO - New document detected: NEW_RESUME.pdf
2025-08-04 13:54:20 - ingestor - ERROR - Failed to process or emit event for NEW_RESUME.pdf
Traceback (most recent call last):
  File "D:\Langs\Team_Docs\Local working prototype\Document-Ingestion-and-Classification\Backend\ingestor\ingestor.py", line 45, in on_created
    emit_event(
TypeError: emit_event() got an unexpected keyword argument 'file_path'
2025-08-04 13:54:28 - ingestor - INFO - New document detected: MUGUNTHAN_S.pdf
2025-08-04 13:54:29 - ingestor - ERROR - Failed to process or emit event for MUGUNTHAN_S.pdf
Traceback (most recent call last):
  File "D:\Langs\Team_Docs\Local working prototype\Document-Ingestion-and-Classification\Backend\ingestor\ingestor.py", line 45, in on_created
    emit_event(
TypeError: emit_event() got an unexpected keyword argument 'file_path'
2025-08-04 14:02:16 - ingestor - INFO - Ingestor service stopped by user.
2025-08-04 14:02:57 - ingestor - INFO - Ingestor service starting...
2025-08-04 14:02:57 - ingestor - INFO - Setting up watcher for directory: D:\Langs\Team_Docs\Local working prototype\Document-Ingestion-and-Classification\Backend\ingestor\folder
2025-08-04 14:02:57 - ingestor - INFO - Watcher started. Monitoring for new documents...
2025-08-04 14:03:08 - ingestor - INFO - New document detected: MUGUNTHAN_S.pdf
2025-08-04 14:03:08 - ingestor - ERROR - Failed to process or emit event for MUGUNTHAN_S.pdf
Traceback (most recent call last):
  File "D:\Langs\Team_Docs\Local working prototype\Document-Ingestion-and-Classification\Backend\ingestor\ingestor.py", line 45, in on_created
    emit_event(
TypeError: emit_event() got an unexpected keyword argument 'file_path'
2025-08-04 14:08:08 - ingestor - INFO - Ingestor service stopped by user.
2025-08-04 14:24:07 - ingestor - INFO - Kafka producer initialized successfully
2025-08-04 14:24:07 - ingestor - INFO - Starting Document Ingestor Service...
2025-08-04 14:24:07 - ingestor - INFO - File watcher started monitoring: D:\Langs\Team_Docs\Local working prototype\Document-Ingestion-and-Classification\Backend\ingestor\uploads
2025-08-04 14:24:07 - ingestor - INFO - Gmail monitor started
2025-08-04 14:24:07 - ingestor - INFO - Gmail monitoring enabled (check interval: 60s)
2025-08-04 14:24:07 - ingestor - ERROR - Gmail credentials file not found: credentials.json
2025-08-04 14:24:07 - ingestor - INFO - Starting web server on port 5000...
2025-08-04 14:24:07 - ingestor - ERROR - Gmail authentication failed
2025-08-04 14:25:07 - ingestor - ERROR - Gmail credentials file not found: credentials.json
2025-08-04 14:25:07 - ingestor - ERROR - Gmail authentication failed
2025-08-04 14:26:07 - ingestor - ERROR - Gmail credentials file not found: credentials.json
2025-08-04 14:26:07 - ingestor - ERROR - Gmail authentication failed
2025-08-04 14:27:07 - ingestor - ERROR - Gmail credentials file not found: credentials.json
2025-08-04 14:27:07 - ingestor - ERROR - Gmail authentication failed
2025-08-04 14:28:07 - ingestor - ERROR - Gmail credentials file not found: credentials.json
2025-08-04 14:28:07 - ingestor - ERROR - Gmail authentication failed
2025-08-04 18:37:55 - ingestor - INFO - Kafka producer initialized successfully
2025-08-04 18:37:55 - ingestor - INFO - Starting Document Ingestor Service...
2025-08-04 18:37:55 - ingestor - INFO - File watcher started monitoring: D:\Langs\Team_Docs\Local working prototype\Document-Ingestion-and-Classification\Backend\ingestor\uploads
2025-08-04 18:37:55 - ingestor - INFO - Gmail monitor started
2025-08-04 18:37:55 - ingestor - INFO - Gmail monitoring enabled (check interval: 60s)
2025-08-04 18:37:55 - ingestor - ERROR - Gmail credentials file not found: credentials.json
2025-08-04 18:37:55 - ingestor - INFO - Starting web server on port 5000...
2025-08-04 18:37:55 - ingestor - ERROR - Gmail authentication failed
2025-08-04 18:40:39 - ingestor - INFO - Kafka producer initialized successfully
2025-08-04 18:40:39 - ingestor - INFO - Starting Document Ingestor Service...
2025-08-04 18:40:39 - ingestor - INFO - File watcher started monitoring: D:\Langs\Team_Docs\Local working prototype\Document-Ingestion-and-Classification\Backend\ingestor\uploads
2025-08-04 18:40:39 - ingestor - INFO - Gmail monitor started
2025-08-04 18:40:39 - ingestor - INFO - Gmail monitoring enabled (check interval: 60s)
2025-08-04 18:40:39 - ingestor - ERROR - Gmail credentials file not found: credentials.json
2025-08-04 18:40:39 - ingestor - INFO - Starting web server on port 5000...
2025-08-04 18:40:39 - ingestor - ERROR - Gmail authentication failed
2025-08-04 18:41:39 - ingestor - ERROR - Gmail credentials file not found: credentials.json
2025-08-04 18:41:39 - ingestor - ERROR - Gmail authentication failed
2025-08-04 18:43:41 - ingestor - INFO - Kafka producer initialized successfully
2025-08-04 18:43:41 - ingestor - INFO - Starting Document Ingestor Service...
2025-08-04 18:43:41 - ingestor - INFO - File watcher started monitoring: D:\Langs\Team_Docs\Local working prototype\Document-Ingestion-and-Classification\Backend\ingestor\uploads
2025-08-04 18:43:41 - ingestor - INFO - Gmail monitor started
2025-08-04 18:43:41 - ingestor - INFO - Gmail monitoring enabled (check interval: 60s)
2025-08-04 18:43:41 - ingestor - INFO - Starting web server on port 5000...
2025-08-04 18:44:10 - ingestor - INFO - Kafka producer initialized successfully
2025-08-04 18:44:10 - ingestor - INFO - Starting Document Ingestor Service...
2025-08-04 18:44:10 - ingestor - INFO - File watcher started monitoring: D:\Langs\Team_Docs\Local working prototype\Document-Ingestion-and-Classification\Backend\ingestor\uploads
2025-08-04 18:44:10 - ingestor - INFO - Gmail monitor started
2025-08-04 18:44:10 - ingestor - INFO - Gmail monitoring enabled (check interval: 60s)
2025-08-04 18:44:10 - ingestor - INFO - Starting web server on port 5000...
2025-08-04 18:47:00 - ingestor - INFO - Kafka producer initialized successfully
2025-08-04 18:47:00 - ingestor - INFO - Starting Document Ingestor Service...
2025-08-04 18:47:00 - ingestor - INFO - File watcher started monitoring: D:\Langs\Team_Docs\Local working prototype\Document-Ingestion-and-Classification\Backend\ingestor\uploads
2025-08-04 18:47:00 - ingestor - INFO - Gmail monitor started
2025-08-04 18:47:00 - ingestor - INFO - Gmail monitoring enabled (check interval: 60s)
2025-08-04 18:47:00 - ingestor - INFO - Starting web server on port 5000...
2025-08-04 18:47:02 - ingestor - INFO - Found 100 unread emails with attachments
2025-08-04 18:47:06 - ingestor - INFO - [Kafka ✅] Sent to topic 'doc.ingested': Donor_Diaries_1[1].pdf
2025-08-04 18:47:06 - ingestor - INFO - Gmail attachment processed: Donor_Diaries_1[1].pdf
2025-08-04 18:47:06 - ingestor - INFO - New document detected: Donor_Diaries_1[1].pdf
2025-08-04 18:47:06 - ingestor - INFO - [Kafka ✅] Sent to topic 'doc.ingested': Donor_Diaries_1[1].pdf
2025-08-04 18:47:08 - ingestor - INFO - [Kafka ✅] Sent to topic 'doc.ingested': SHIELDING WOMENLAWS & REALITY Final.pdf.pdf (3).pdf
2025-08-04 18:47:08 - ingestor - INFO - Gmail attachment processed: SHIELDING WOMENLAWS & REALITY Final.pdf.pdf (3).pdf
2025-08-04 18:47:09 - ingestor - INFO - New document detected: SHIELDING WOMENLAWS & REALITY Final.pdf.pdf (3).pdf
2025-08-04 18:47:09 - ingestor - INFO - [Kafka ✅] Sent to topic 'doc.ingested': SHIELDING WOMENLAWS & REALITY Final.pdf.pdf (3).pdf
2025-08-04 18:47:13 - ingestor - INFO - [Kafka ✅] Sent to topic 'doc.ingested': image001.jpg
2025-08-04 18:47:13 - ingestor - INFO - Gmail attachment processed: image001.jpg
2025-08-04 18:47:13 - ingestor - INFO - New document detected: image001.jpg
2025-08-04 18:47:13 - ingestor - INFO - [Kafka ✅] Sent to topic 'doc.ingested': image001.jpg
2025-08-04 18:47:15 - ingestor - INFO - [Kafka ✅] Sent to topic 'doc.ingested': image001.jpg
2025-08-04 18:47:15 - ingestor - INFO - Gmail attachment processed: image001.jpg
2025-08-04 18:47:17 - ingestor - INFO - [Kafka ✅] Sent to topic 'doc.ingested': HackWithInfy Practice Questions 2025_Part 1.pdf
2025-08-04 18:47:17 - ingestor - INFO - Gmail attachment processed: HackWithInfy Practice Questions 2025_Part 1.pdf
2025-08-04 18:47:18 - ingestor - INFO - New document detected: HackWithInfy Practice Questions 2025_Part 1.pdf
2025-08-04 18:47:18 - ingestor - INFO - [Kafka ✅] Sent to topic 'doc.ingested': HackWithInfy Practice Questions 2025_Part 1.pdf
2025-08-04 18:47:21 - ingestor - INFO - [Kafka ✅] Sent to topic 'doc.ingested': HackWithInfy Practice Questions 2025_Part 2.pdf
2025-08-04 18:47:21 - ingestor - INFO - Gmail attachment processed: HackWithInfy Practice Questions 2025_Part 2.pdf
2025-08-04 18:47:21 - ingestor - INFO - New document detected: HackWithInfy Practice Questions 2025_Part 2.pdf
2025-08-04 18:47:21 - ingestor - INFO - [Kafka ✅] Sent to topic 'doc.ingested': HackWithInfy Practice Questions 2025_Part 2.pdf
2025-08-04 18:47:22 - ingestor - INFO - [Kafka ✅] Sent to topic 'doc.ingested': Examination Guidelines - HWI 2025 Qualifiers.pdf
2025-08-04 18:47:22 - ingestor - INFO - Gmail attachment processed: Examination Guidelines - HWI 2025 Qualifiers.pdf
2025-08-04 18:47:22 - ingestor - INFO - New document detected: Examination Guidelines - HWI 2025 Qualifiers.pdf
2025-08-04 18:47:22 - ingestor - INFO - [Kafka ✅] Sent to topic 'doc.ingested': Examination Guidelines - HWI 2025 Qualifiers.pdf
2025-08-04 18:47:24 - ingestor - INFO - [Kafka ✅] Sent to topic 'doc.ingested': GD Allotment 23rd June'25 - Rajalakshmi Institute of Technology, Chennai all.xlsx
2025-08-04 18:47:24 - ingestor - INFO - Gmail attachment processed: GD Allotment 23rd June'25 - Rajalakshmi Institute of Technology, Chennai all.xlsx
2025-08-04 18:47:24 - ingestor - INFO - New document detected: GD Allotment 23rd June'25 - Rajalakshmi Institute of Technology, Chennai all.xlsx
2025-08-04 18:47:24 - ingestor - INFO - [Kafka ✅] Sent to topic 'doc.ingested': GD Allotment 23rd June'25 - Rajalakshmi Institute of Technology, Chennai all.xlsx
2025-08-04 18:47:26 - ingestor - INFO - [Kafka ✅] Sent to topic 'doc.ingested': CandidateDetails.xlsx
2025-08-04 18:47:26 - ingestor - INFO - Gmail attachment processed: CandidateDetails.xlsx
2025-08-04 18:47:26 - ingestor - INFO - New document detected: CandidateDetails.xlsx
2025-08-04 18:47:26 - ingestor - INFO - [Kafka ✅] Sent to topic 'doc.ingested': CandidateDetails.xlsx
2025-08-04 18:47:28 - ingestor - INFO - [Kafka ✅] Sent to topic 'doc.ingested': 1 (6).jpg
2025-08-04 18:47:28 - ingestor - INFO - Gmail attachment processed: 1 (6).jpg
2025-08-04 18:47:29 - ingestor - INFO - New document detected: 1 (6).jpg
2025-08-04 18:47:29 - ingestor - INFO - [Kafka ✅] Sent to topic 'doc.ingested': 1 (6).jpg
2025-08-04 18:47:29 - ingestor - INFO - [Kafka ✅] Sent to topic 'doc.ingested': 1 (11).jpg
2025-08-04 18:47:29 - ingestor - INFO - Gmail attachment processed: 1 (11).jpg
2025-08-04 18:47:29 - ingestor - INFO - New document detected: 1 (11).jpg
2025-08-04 18:47:29 - ingestor - INFO - [Kafka ✅] Sent to topic 'doc.ingested': 1 (11).jpg
2025-08-04 18:47:30 - ingestor - INFO - [Kafka ✅] Sent to topic 'doc.ingested': 1 (9).jpg
2025-08-04 18:47:30 - ingestor - INFO - Gmail attachment processed: 1 (9).jpg
2025-08-04 18:47:30 - ingestor - INFO - New document detected: 1 (9).jpg
2025-08-04 18:47:30 - ingestor - INFO - [Kafka ✅] Sent to topic 'doc.ingested': 1 (9).jpg
2025-08-04 18:47:31 - ingestor - INFO - [Kafka ✅] Sent to topic 'doc.ingested': 1 (7).jpg
2025-08-04 18:47:31 - ingestor - INFO - Gmail attachment processed: 1 (7).jpg
2025-08-04 18:47:31 - ingestor - INFO - New document detected: 1 (7).jpg
2025-08-04 18:47:31 - ingestor - INFO - [Kafka ✅] Sent to topic 'doc.ingested': 1 (7).jpg
2025-08-04 18:47:31 - ingestor - INFO - [Kafka ✅] Sent to topic 'doc.ingested': 1 (10).jpg
2025-08-04 18:47:31 - ingestor - INFO - Gmail attachment processed: 1 (10).jpg
2025-08-04 18:47:32 - ingestor - INFO - New document detected: 1 (10).jpg
2025-08-04 18:47:32 - ingestor - INFO - [Kafka ✅] Sent to topic 'doc.ingested': 1 (10).jpg
2025-08-04 18:47:32 - ingestor - INFO - [Kafka ✅] Sent to topic 'doc.ingested': 1 (3).jpg
2025-08-04 18:47:32 - ingestor - INFO - Gmail attachment processed: 1 (3).jpg
2025-08-04 18:47:33 - ingestor - INFO - New document detected: 1 (3).jpg
2025-08-04 18:47:33 - ingestor - INFO - [Kafka ✅] Sent to topic 'doc.ingested': 1 (3).jpg
2025-08-04 18:47:33 - ingestor - INFO - [Kafka ✅] Sent to topic 'doc.ingested': 1 (4).jpg
2025-08-04 18:47:33 - ingestor - INFO - Gmail attachment processed: 1 (4).jpg
2025-08-04 18:47:34 - ingestor - INFO - New document detected: 1 (4).jpg
2025-08-04 18:47:34 - ingestor - INFO - [Kafka ✅] Sent to topic 'doc.ingested': 1 (4).jpg
2025-08-04 18:47:34 - ingestor - INFO - [Kafka ✅] Sent to topic 'doc.ingested': 1 (2).jpg
2025-08-04 18:47:34 - ingestor - INFO - Gmail attachment processed: 1 (2).jpg
2025-08-04 18:47:34 - ingestor - INFO - New document detected: 1 (2).jpg
2025-08-04 18:47:34 - ingestor - INFO - [Kafka ✅] Sent to topic 'doc.ingested': 1 (2).jpg
2025-08-04 18:47:35 - ingestor - INFO - [Kafka ✅] Sent to topic 'doc.ingested': 1 (1) (1).jpg
2025-08-04 18:47:35 - ingestor - INFO - Gmail attachment processed: 1 (1) (1).jpg
2025-08-04 18:47:35 - ingestor - INFO - New document detected: 1 (1) (1).jpg
2025-08-04 18:47:35 - ingestor - INFO - [Kafka ✅] Sent to topic 'doc.ingested': 1 (1) (1).jpg
2025-08-04 18:47:35 - ingestor - INFO - [Kafka ✅] Sent to topic 'doc.ingested': 1 (5).jpg
2025-08-04 18:47:35 - ingestor - INFO - Gmail attachment processed: 1 (5).jpg
2025-08-04 18:47:36 - ingestor - INFO - New document detected: 1 (5).jpg
2025-08-04 18:47:36 - ingestor - INFO - [Kafka ✅] Sent to topic 'doc.ingested': 1 (5).jpg
2025-08-04 18:47:38 - ingestor - INFO - [Kafka ✅] Sent to topic 'doc.ingested': SSC_CGL_2023_Tier_1_14th-July-2023-Shift-1.pdf
2025-08-04 18:47:38 - ingestor - INFO - Gmail attachment processed: SSC_CGL_2023_Tier_1_14th-July-2023-Shift-1.pdf
2025-08-04 18:47:39 - ingestor - INFO - New document detected: SSC_CGL_2023_Tier_1_14th-July-2023-Shift-1.pdf
2025-08-04 18:47:39 - ingestor - INFO - [Kafka ✅] Sent to topic 'doc.ingested': SSC_CGL_2023_Tier_1_14th-July-2023-Shift-1.pdf
2025-08-04 18:47:40 - ingestor - INFO - [Kafka ✅] Sent to topic 'doc.ingested': SSC_CGL_2023_Tier_1_14th-July-2023-Shift-3 (1).pdf
2025-08-04 18:47:40 - ingestor - INFO - Gmail attachment processed: SSC_CGL_2023_Tier_1_14th-July-2023-Shift-3 (1).pdf
2025-08-04 18:47:41 - ingestor - INFO - New document detected: SSC_CGL_2023_Tier_1_14th-July-2023-Shift-3 (1).pdf
2025-08-04 18:47:41 - ingestor - INFO - [Kafka ✅] Sent to topic 'doc.ingested': SSC_CGL_2023_Tier_1_14th-July-2023-Shift-3 (1).pdf
2025-08-04 18:47:42 - ingestor - INFO - [Kafka ✅] Sent to topic 'doc.ingested': SSC_CGL_2023_Tier_1_14th-July-2023-Shift-3.pdf
2025-08-04 18:47:42 - ingestor - INFO - Gmail attachment processed: SSC_CGL_2023_Tier_1_14th-July-2023-Shift-3.pdf
2025-08-04 18:47:43 - ingestor - INFO - New document detected: SSC_CGL_2023_Tier_1_14th-July-2023-Shift-3.pdf
2025-08-04 18:47:43 - ingestor - INFO - [Kafka ✅] Sent to topic 'doc.ingested': SSC_CGL_2023_Tier_1_14th-July-2023-Shift-3.pdf
2025-08-04 18:47:44 - ingestor - INFO - [Kafka ✅] Sent to topic 'doc.ingested': SSC_CGL_2023_Tier_1_17th-July-2023-Shift-1.pdf
2025-08-04 18:47:44 - ingestor - INFO - Gmail attachment processed: SSC_CGL_2023_Tier_1_17th-July-2023-Shift-1.pdf
2025-08-04 18:47:44 - ingestor - INFO - New document detected: SSC_CGL_2023_Tier_1_17th-July-2023-Shift-1.pdf
2025-08-04 18:47:44 - ingestor - INFO - [Kafka ✅] Sent to topic 'doc.ingested': SSC_CGL_2023_Tier_1_17th-July-2023-Shift-1.pdf
2025-08-04 18:47:45 - ingestor - INFO - [Kafka ✅] Sent to topic 'doc.ingested': SSC_CGL_2023_Tier_1_17th-July-2023-Shift-2.pdf
2025-08-04 18:47:45 - ingestor - INFO - Gmail attachment processed: SSC_CGL_2023_Tier_1_17th-July-2023-Shift-2.pdf
2025-08-04 18:47:46 - ingestor - INFO - New document detected: SSC_CGL_2023_Tier_1_17th-July-2023-Shift-2.pdf
2025-08-04 18:47:46 - ingestor - INFO - [Kafka ✅] Sent to topic 'doc.ingested': SSC_CGL_2023_Tier_1_17th-July-2023-Shift-2.pdf
2025-08-04 19:05:52 - ingestor - INFO - Kafka producer initialized successfully
2025-08-04 19:05:52 - ingestor - INFO - Starting Document Ingestor Service...
2025-08-04 19:05:52 - ingestor - INFO - File watcher started monitoring: D:\Langs\Team_Docs\Local working prototype\Document-Ingestion-and-Classification\Backend\ingestor\uploads
2025-08-04 19:05:52 - ingestor - INFO - Gmail monitor started
2025-08-04 19:05:52 - ingestor - INFO - Gmail monitoring enabled (check interval: 60s)
2025-08-04 19:05:52 - ingestor - INFO - Starting web server on port 5000...
2025-08-04 19:05:52 - ingestor - INFO - Fetching emails newer than 2025/08/04...
2025-08-04 19:05:55 - ingestor - INFO - Found 0 emails to process
2025-08-04 19:05:55 - ingestor - INFO - No new Gmail attachments to process
2025-08-04 19:06:25 - ingestor - INFO - Kafka producer initialized successfully
2025-08-04 19:06:25 - ingestor - INFO - Starting Document Ingestor Service...
2025-08-04 19:06:25 - ingestor - INFO - File watcher started monitoring: D:\Langs\Team_Docs\Local working prototype\Document-Ingestion-and-Classification\Backend\ingestor\uploads
2025-08-04 19:06:25 - ingestor - INFO - Gmail monitor started
2025-08-04 19:06:25 - ingestor - INFO - Gmail monitoring enabled (check interval: 60s)
2025-08-04 19:06:25 - ingestor - INFO - Starting web server on port 5000...
2025-08-04 19:06:25 - ingestor - INFO - Fetching emails newer than 2025/08/04...
2025-08-04 19:06:27 - ingestor - INFO - Found 0 emails to process
2025-08-04 19:06:27 - ingestor - INFO - No new Gmail attachments to process
2025-08-04 19:07:27 - ingestor - INFO - Fetching emails newer than 2025/08/04...
2025-08-04 19:07:28 - ingestor - INFO - Found 0 emails to process
2025-08-04 19:07:28 - ingestor - INFO - No new Gmail attachments to process
2025-08-04 19:08:28 - ingestor - INFO - Fetching emails newer than 2025/08/04...
2025-08-04 19:09:08 - ingestor - INFO - Kafka producer initialized successfully
2025-08-04 19:09:08 - ingestor - INFO - Starting Document Ingestor Service...
2025-08-04 19:09:08 - ingestor - INFO - File watcher started monitoring: D:\Langs\Team_Docs\Local working prototype\Document-Ingestion-and-Classification\Backend\ingestor\uploads
2025-08-04 19:09:08 - ingestor - INFO - Gmail monitor started
2025-08-04 19:09:08 - ingestor - INFO - Gmail monitoring enabled (check interval: 60s)
2025-08-04 19:09:08 - ingestor - INFO - Starting web server on port 5000...
2025-08-04 19:09:08 - ingestor - INFO - Fetching emails newer than 2025/08/04...
2025-08-04 19:09:10 - ingestor - INFO - Found 0 emails to process
2025-08-04 19:09:10 - ingestor - INFO - No new Gmail attachments to process
2025-08-04 19:09:52 - ingestor - INFO - Kafka producer initialized successfully
2025-08-04 19:09:52 - ingestor - INFO - Starting Document Ingestor Service...
2025-08-04 19:09:52 - ingestor - INFO - File watcher started monitoring: D:\Langs\Team_Docs\Local working prototype\Document-Ingestion-and-Classification\Backend\ingestor\uploads
2025-08-04 19:09:52 - ingestor - INFO - Gmail monitor started
2025-08-04 19:09:52 - ingestor - INFO - Gmail monitoring enabled (check interval: 60s)
2025-08-04 19:09:52 - ingestor - INFO - Starting web server on port 5000...
2025-08-04 19:09:52 - ingestor - INFO - Fetching emails newer than 2025/08/04...
2025-08-04 19:09:54 - ingestor - INFO - Found 0 emails to process
2025-08-04 19:09:54 - ingestor - INFO - No new Gmail attachments to process
2025-08-04 19:10:54 - ingestor - INFO - Fetching emails newer than 2025/08/04...
2025-08-04 19:10:56 - ingestor - INFO - Found 0 emails to process
2025-08-04 19:10:56 - ingestor - INFO - No new Gmail attachments to process
2025-08-04 19:11:56 - ingestor - INFO - Fetching emails newer than 2025/08/04...
2025-08-04 19:11:58 - ingestor - INFO - Found 1 emails to process
2025-08-04 19:12:00 - ingestor - INFO - [Kafka ✅] Sent to topic 'doc.ingested': Document Ingestion & Classification.pdf
2025-08-04 19:12:00 - ingestor - INFO - Gmail attachment processed: Document Ingestion & Classification.pdf
2025-08-04 19:12:01 - ingestor - WARNING - File too large, skipping: Document Ingestion & Classification.pdf
2025-08-04 19:12:01 - ingestor - INFO - Processed 1 Gmail attachments
2025-08-04 19:13:01 - ingestor - INFO - Fetching emails newer than 2025/08/04...
2025-08-04 19:13:02 - ingestor - INFO - Found 0 emails to process
2025-08-04 19:13:02 - ingestor - INFO - No new Gmail attachments to process
2025-08-04 19:14:02 - ingestor - INFO - Fetching emails newer than 2025/08/04...
2025-08-04 19:14:04 - ingestor - INFO - Found 0 emails to process
2025-08-04 19:14:04 - ingestor - INFO - No new Gmail attachments to process
2025-08-04 19:15:04 - ingestor - INFO - Fetching emails newer than 2025/08/04...
2025-08-04 19:15:08 - ingestor - INFO - Found 0 emails to process
2025-08-04 19:15:08 - ingestor - INFO - No new Gmail attachments to process
2025-08-04 19:16:08 - ingestor - INFO - Fetching emails newer than 2025/08/04...
2025-08-04 19:16:09 - ingestor - INFO - Found 0 emails to process
2025-08-04 19:16:09 - ingestor - INFO - No new Gmail attachments to process
2025-08-04 19:17:09 - ingestor - INFO - Fetching emails newer than 2025/08/04...
2025-08-04 19:17:11 - ingestor - INFO - Found 0 emails to process
2025-08-04 19:17:11 - ingestor - INFO - No new Gmail attachments to process
2025-08-04 19:18:11 - ingestor - INFO - Fetching emails newer than 2025/08/04...
2025-08-04 19:18:13 - ingestor - INFO - Found 0 emails to process
2025-08-04 19:18:13 - ingestor - INFO - No new Gmail attachments to process
2025-08-04 19:19:13 - ingestor - INFO - Fetching emails newer than 2025/08/04...
2025-08-04 19:19:15 - ingestor - INFO - Found 0 emails to process
2025-08-04 19:19:15 - ingestor - INFO - No new Gmail attachments to process
2025-08-04 19:19:29 - ingestor - INFO - [Kafka ✅] Sent to topic 'doc.ingested': NEW_RESUME1.pdf
2025-08-04 19:19:29 - ingestor - INFO - Web upload successful: NEW_RESUME1.pdf
2025-08-04 19:19:30 - ingestor - WARNING - File too large, skipping: NEW_RESUME1.pdf
2025-08-04 19:20:14 - ingestor - INFO - Kafka producer initialized successfully
2025-08-04 19:20:14 - ingestor - INFO - Starting Document Ingestor Service...
2025-08-04 19:20:14 - ingestor - INFO - File watcher started monitoring: D:\Langs\Team_Docs\Local working prototype\Document-Ingestion-and-Classification\Backend\ingestor\uploads
2025-08-04 19:20:14 - ingestor - INFO - Gmail monitor started
2025-08-04 19:20:14 - ingestor - INFO - Gmail monitoring enabled (check interval: 60s)
2025-08-04 19:20:14 - ingestor - INFO - Starting web server on port 5000...
2025-08-04 19:20:14 - ingestor - INFO - Fetching emails newer than 2025/08/04...
2025-08-04 19:20:15 - ingestor - INFO - Found 0 emails to process
2025-08-04 19:20:15 - ingestor - INFO - No new Gmail attachments to process
2025-08-04 19:20:43 - ingestor - INFO - Kafka producer initialized successfully
2025-08-04 19:20:43 - ingestor - INFO - Starting Document Ingestor Service...
2025-08-04 19:20:43 - ingestor - INFO - File watcher started monitoring: D:\Langs\Team_Docs\Local working prototype\Document-Ingestion-and-Classification\Backend\ingestor\uploads
2025-08-04 19:20:43 - ingestor - INFO - Gmail monitor started
2025-08-04 19:20:43 - ingestor - INFO - Gmail monitoring enabled (check interval: 60s)
2025-08-04 19:20:43 - ingestor - INFO - Starting web server on port 5000...
2025-08-04 19:20:43 - ingestor - INFO - Fetching emails newer than 2025/08/04...
2025-08-04 19:20:44 - ingestor - INFO - Found 0 emails to process
2025-08-04 19:20:44 - ingestor - INFO - No new Gmail attachments to process
2025-08-04 19:20:56 - ingestor - INFO - [Kafka ✅] Sent to topic 'doc.ingested': NEW_RESUME.pdf
2025-08-04 19:20:56 - ingestor - INFO - Web upload successful: NEW_RESUME.pdf
2025-08-04 19:21:44 - ingestor - INFO - Fetching emails newer than 2025/08/04...
2025-08-04 19:21:46 - ingestor - INFO - Found 0 emails to process
2025-08-04 19:21:46 - ingestor - INFO - No new Gmail attachments to process
2025-08-04 19:25:52 - ingestor - INFO - Kafka producer initialized successfully
2025-08-04 19:25:52 - ingestor - INFO - Starting Document Ingestor Service...
2025-08-04 19:25:52 - ingestor - INFO - File watcher started monitoring: D:\Langs\Team_Docs\Local working prototype\Document-Ingestion-and-Classification\Backend\ingestor\uploads
2025-08-04 19:25:52 - ingestor - INFO - Gmail monitor started
2025-08-04 19:25:52 - ingestor - INFO - Gmail monitoring enabled (check interval: 60s)
2025-08-04 19:25:52 - ingestor - INFO - Starting web server on port 5000...
2025-08-04 19:25:52 - ingestor - INFO - Fetching emails newer than 2025/08/04...
2025-08-04 19:25:54 - ingestor - INFO - Found 0 emails to process
2025-08-04 19:25:54 - ingestor - INFO - No new Gmail attachments to process
2025-08-04 19:26:09 - ingestor - INFO - Kafka producer initialized successfully
2025-08-04 19:26:09 - ingestor - INFO - Starting Document Ingestor Service...
2025-08-04 19:26:09 - ingestor - INFO - File watcher started monitoring: D:\Langs\Team_Docs\Local working prototype\Document-Ingestion-and-Classification\Backend\ingestor\uploads
2025-08-04 19:26:09 - ingestor - INFO - Gmail monitor started
2025-08-04 19:26:09 - ingestor - INFO - Gmail monitoring enabled (check interval: 60s)
2025-08-04 19:26:09 - ingestor - INFO - Starting web server on port 5000...
2025-08-04 19:26:09 - ingestor - INFO - Fetching emails newer than 2025/08/04...
2025-08-04 19:26:11 - ingestor - INFO - Found 0 emails to process
2025-08-04 19:26:11 - ingestor - INFO - No new Gmail attachments to process
2025-08-04 19:26:14 - ingestor - INFO - [Kafka ✅] Sent to topic 'doc.ingested': NEW_RESUME.pdf
2025-08-04 19:26:14 - ingestor - INFO - Web upload successful: NEW_RESUME.pdf
2025-08-04 19:26:51 - ingestor - INFO - Kafka producer initialized successfully
2025-08-04 19:26:51 - ingestor - INFO - Starting Document Ingestor Service...
2025-08-04 19:26:51 - ingestor - INFO - File watcher started monitoring: D:\Langs\Team_Docs\Local working prototype\Document-Ingestion-and-Classification\Backend\ingestor\uploads
2025-08-04 19:26:51 - ingestor - INFO - Gmail monitor started
2025-08-04 19:26:51 - ingestor - INFO - Gmail monitoring enabled (check interval: 60s)
2025-08-04 19:26:51 - ingestor - INFO - Starting web server on port 5000...
2025-08-04 19:26:51 - ingestor - INFO - Fetching emails newer than 2025/08/04...
2025-08-04 19:26:52 - ingestor - INFO - Found 0 emails to process
2025-08-04 19:26:52 - ingestor - INFO - No new Gmail attachments to process
2025-08-04 19:30:53 - ingestor - INFO - Kafka producer initialized successfully
2025-08-04 19:30:53 - ingestor - INFO - Starting Document Ingestor Service...
2025-08-04 19:30:53 - ingestor - INFO - File watcher started monitoring: D:\Langs\Team_Docs\Local working prototype\Document-Ingestion-and-Classification\Backend\ingestor\uploads
2025-08-04 19:30:53 - ingestor - INFO - Gmail monitor started
2025-08-04 19:30:53 - ingestor - INFO - Gmail monitoring enabled (check interval: 60s)
2025-08-04 19:30:53 - ingestor - INFO - Starting web server on port 5000...
2025-08-04 19:30:53 - ingestor - INFO - Fetching emails newer than 2025/08/04...
2025-08-04 19:30:55 - ingestor - INFO - Found 0 emails to process
2025-08-04 19:30:55 - ingestor - INFO - No new Gmail attachments to process
2025-08-04 19:31:55 - ingestor - INFO - Fetching emails newer than 2025/08/04...
2025-08-04 19:31:57 - ingestor - INFO - Found 0 emails to process
2025-08-04 19:31:57 - ingestor - INFO - No new Gmail attachments to process
2025-08-04 19:32:41 - ingestor - INFO - Kafka producer initialized successfully
2025-08-04 19:32:41 - ingestor - INFO - Starting Document Ingestor Service...
2025-08-04 19:32:41 - ingestor - INFO - File watcher started monitoring: D:\Langs\Team_Docs\Local working prototype\Document-Ingestion-and-Classification\Backend\ingestor\uploads
2025-08-04 19:32:41 - ingestor - INFO - Gmail monitor started
2025-08-04 19:32:41 - ingestor - INFO - Gmail monitoring enabled (check interval: 60s)
2025-08-04 19:32:41 - ingestor - INFO - Starting web server on port 5000...
2025-08-04 19:32:41 - ingestor - INFO - Fetching emails newer than 2025/08/04...
2025-08-04 19:32:43 - ingestor - INFO - Found 0 emails to process
2025-08-04 19:32:43 - ingestor - INFO - No new Gmail attachments to process
2025-08-04 19:33:13 - ingestor - INFO - [Kafka ✅] Sent to topic 'doc.ingested': test_document.txt
2025-08-04 19:33:13 - ingestor - INFO - API upload successful: test_document.txt
2025-08-04 19:33:43 - ingestor - INFO - Fetching emails newer than 2025/08/04...
2025-08-04 19:33:44 - ingestor - INFO - Found 0 emails to process
2025-08-04 19:33:44 - ingestor - INFO - No new Gmail attachments to process
2025-08-04 19:34:45 - ingestor - INFO - Fetching emails newer than 2025/08/04...
2025-08-04 19:34:46 - ingestor - INFO - Found 0 emails to process
2025-08-04 19:34:46 - ingestor - INFO - No new Gmail attachments to process
2025-08-04 19:35:14 - ingestor - INFO - [Kafka ✅] Sent to topic 'doc.ingested': NEW_RESUME.pdf
2025-08-04 19:35:14 - ingestor - INFO - Web upload successful: NEW_RESUME.pdf
2025-08-04 19:35:46 - ingestor - INFO - Fetching emails newer than 2025/08/04...
2025-08-04 19:35:48 - ingestor - INFO - Found 0 emails to process
2025-08-04 19:35:48 - ingestor - INFO - No new Gmail attachments to process
2025-08-04 22:06:35 - ingestor - INFO - Kafka producer initialized successfully
2025-08-04 22:06:35 - ingestor - INFO - Starting Document Ingestor Service...
2025-08-04 22:06:35 - ingestor - INFO - File watcher started monitoring: D:\Langs\Team_Docs\Local working prototype\Document-Ingestion-and-Classification\Backend\ingestor\uploads
2025-08-04 22:06:35 - ingestor - INFO - Gmail monitor started
2025-08-04 22:06:35 - ingestor - INFO - Gmail monitoring enabled (check interval: 60s)
2025-08-04 22:06:35 - ingestor - INFO - Starting web server on port 5000...
2025-08-04 22:06:36 - ingestor - INFO - Gmail credentials saved successfully
2025-08-04 22:06:36 - ingestor - INFO - Fetching emails newer than 2025/08/04...
2025-08-04 22:06:38 - ingestor - INFO - Found 0 emails to process
2025-08-04 22:06:38 - ingestor - INFO - No new Gmail attachments to process
2025-08-04 22:06:52 - ingestor - INFO - [Kafka ✅] Sent to topic 'doc.ingested': nationaltravels.co.in_booking-confirm.html_pnr_number5828329cms_status0emailkumar010370gmail.com.pdf
2025-08-04 22:06:52 - ingestor - INFO - Web upload successful: nationaltravels.co.in_booking-confirm.html_pnr_number5828329cms_status0emailkumar010370gmail.com.pdf
2025-08-04 22:07:39 - ingestor - INFO - Fetching emails newer than 2025/08/04...
2025-08-04 22:07:40 - ingestor - INFO - Found 0 emails to process
2025-08-04 22:07:40 - ingestor - INFO - No new Gmail attachments to process
2025-08-04 22:15:36 - ingestor - INFO - Kafka producer initialized successfully
2025-08-04 22:15:36 - ingestor - INFO - Starting Document Ingestor Service...
2025-08-04 22:15:36 - ingestor - INFO - File watcher started monitoring: D:\Langs\Team_Docs\Local working prototype\Document-Ingestion-and-Classification\Backend\ingestor\uploads
2025-08-04 22:15:36 - ingestor - INFO - Gmail monitor started
2025-08-04 22:15:36 - ingestor - INFO - Gmail monitoring enabled (check interval: 60s)
2025-08-04 22:15:36 - ingestor - INFO - Starting web server on port 5000...
2025-08-04 22:15:36 - ingestor - INFO - Starting Gmail OAuth authentication flow...
2025-08-04 22:15:46 - ingestor - INFO - Gmail OAuth authentication completed successfully
2025-08-04 22:15:46 - ingestor - INFO - Gmail credentials saved successfully
2025-08-04 22:15:46 - ingestor - INFO - Fetching emails newer than 2025/08/04...
2025-08-04 22:15:48 - ingestor - INFO - Found 0 emails to process
2025-08-04 22:15:48 - ingestor - INFO - No new Gmail attachments to process
2025-08-04 22:15:58 - ingestor - INFO - [Kafka ✅] Sent to topic 'doc.ingested': MUGUNTHAN_S.pdf
2025-08-04 22:15:58 - ingestor - INFO - Web upload successful: MUGUNTHAN_S.pdf
2025-08-05 08:14:04 - ingestor - ERROR - Failed to initialize Kafka producer: NoBrokersAvailable
2025-08-05 08:14:04 - ingestor - INFO - Starting Document Ingestor Service...
2025-08-05 08:14:04 - ingestor - INFO - File watcher started monitoring: D:\Langs\Team_Docs\Local working prototype\Document-Ingestion-and-Classification\Backend\ingestor\uploads
2025-08-05 08:14:04 - ingestor - INFO - Gmail monitor started
2025-08-05 08:14:04 - ingestor - INFO - Gmail monitoring enabled (check interval: 60s)
2025-08-05 08:14:04 - ingestor - INFO - Starting web server on port 5000...
2025-08-05 08:14:04 - ingestor - INFO - Starting Gmail OAuth authentication flow...
2025-08-05 08:46:36 - ingestor - INFO - Kafka producer initialized successfully
2025-08-05 08:46:36 - ingestor - INFO - Starting Document Ingestor Service...
2025-08-05 08:46:36 - ingestor - INFO - File watcher started monitoring: D:\Langs\Team_Docs\Local working prototype\Document-Ingestion-and-Classification\backend\ingestor\uploads
2025-08-05 08:46:36 - ingestor - INFO - Gmail monitor started
2025-08-05 08:46:36 - ingestor - INFO - Gmail monitoring enabled (check interval: 60s)
2025-08-05 08:46:36 - ingestor - INFO - Starting Gmail OAuth authentication flow...
2025-08-05 08:46:36 - ingestor - INFO - Starting web server on port 5000...
2025-08-05 09:03:49 - ingestor - INFO - Kafka producer initialized successfully
2025-08-05 09:03:49 - ingestor - INFO - Starting Document Ingestor Service...
2025-08-05 09:03:49 - ingestor - INFO - File watcher started monitoring: D:\Langs\Team_Docs\Local working prototype\Document-Ingestion-and-Classification\backend\ingestor\uploads
2025-08-05 09:03:49 - ingestor - INFO - Gmail monitor started
2025-08-05 09:03:49 - ingestor - INFO - Gmail monitoring enabled (check interval: 60s)
2025-08-05 09:03:49 - ingestor - INFO - Starting web server on port 5000...
2025-08-05 09:03:49 - ingestor - INFO - Starting Gmail OAuth authentication flow...
2025-08-05 09:04:16 - ingestor - INFO - Kafka producer initialized successfully
2025-08-05 09:04:16 - ingestor - INFO - Starting Document Ingestor Service...
2025-08-05 09:04:16 - ingestor - INFO - File watcher started monitoring: D:\Langs\Team_Docs\Local working prototype\Document-Ingestion-and-Classification\backend\ingestor\uploads
2025-08-05 09:04:16 - ingestor - INFO - Gmail monitor started
2025-08-05 09:04:16 - ingestor - INFO - Gmail monitoring enabled (check interval: 60s)
2025-08-05 09:04:16 - ingestor - INFO - Starting web server on port 5000...
2025-08-05 09:04:16 - ingestor - INFO - Starting Gmail OAuth authentication flow...
2025-08-05 09:04:25 - ingestor - INFO - Gmail OAuth authentication completed successfully
2025-08-05 09:04:25 - ingestor - INFO - Gmail credentials saved successfully
2025-08-05 09:04:25 - ingestor - INFO - Fetching emails newer than 2025/08/04...
2025-08-05 09:04:27 - ingestor - INFO - Found 0 emails to process
2025-08-05 09:04:27 - ingestor - INFO - No new Gmail attachments to process
2025-08-05 09:05:27 - ingestor - INFO - Fetching emails newer than 2025/08/05...
2025-08-05 09:05:28 - ingestor - INFO - Found 0 emails to process
2025-08-05 09:05:28 - ingestor - INFO - No new Gmail attachments to process
2025-08-05 09:06:28 - ingestor - INFO - Fetching emails newer than 2025/08/05...
2025-08-05 09:06:29 - ingestor - INFO - Found 1 emails to process
2025-08-05 09:06:30 - ingestor - INFO - [Kafka ✅] Sent to topic 'doc.ingested': receipt.pdf.pdf
2025-08-05 09:06:30 - ingestor - INFO - Gmail attachment processed: receipt.pdf.pdf
2025-08-05 09:06:31 - ingestor - INFO - New document detected: receipt.pdf.pdf
2025-08-05 09:06:31 - ingestor - INFO - [Kafka ✅] Sent to topic 'doc.ingested': receipt.pdf.pdf
2025-08-05 09:06:31 - ingestor - INFO - Processed 1 Gmail attachments
2025-08-05 09:07:31 - ingestor - INFO - Fetching emails newer than 2025/08/05...
2025-08-05 09:07:31 - ingestor - INFO - Found 0 emails to process
2025-08-05 09:07:31 - ingestor - INFO - No new Gmail attachments to process
2025-08-05 09:08:31 - ingestor - INFO - Fetching emails newer than 2025/08/05...
2025-08-05 09:08:32 - ingestor - INFO - Found 0 emails to process
2025-08-05 09:08:32 - ingestor - INFO - No new Gmail attachments to process
2025-08-05 09:08:52 - ingestor - INFO - Kafka producer initialized successfully
2025-08-05 09:08:52 - ingestor - INFO - Starting Document Ingestor Service...
2025-08-05 09:08:52 - ingestor - INFO - File watcher started monitoring: D:\Langs\Team_Docs\Local working prototype\Document-Ingestion-and-Classification\backend\ingestor\uploads
2025-08-05 09:08:52 - ingestor - INFO - Gmail monitor started
2025-08-05 09:08:52 - ingestor - INFO - Gmail monitoring enabled (check interval: 60s)
2025-08-05 09:08:52 - ingestor - INFO - Starting web server on port 5000...
2025-08-05 09:08:52 - ingestor - INFO - Fetching emails newer than 2025/08/05...
2025-08-05 09:08:53 - ingestor - INFO - Found 0 emails to process
2025-08-05 09:08:53 - ingestor - INFO - No new Gmail attachments to process
2025-08-05 09:09:53 - ingestor - INFO - Fetching emails newer than 2025/08/05...
2025-08-05 09:09:54 - ingestor - INFO - Found 0 emails to process
2025-08-05 09:09:54 - ingestor - INFO - No new Gmail attachments to process
2025-08-05 09:10:54 - ingestor - INFO - Fetching emails newer than 2025/08/05...
2025-08-05 09:10:56 - ingestor - INFO - Found 1 emails to process
2025-08-05 09:10:57 - ingestor - INFO - [Kafka ✅] Sent to topic 'doc.ingested': receipt.pdf.pdf
2025-08-05 09:10:57 - ingestor - INFO - Gmail attachment processed: receipt.pdf.pdf
2025-08-05 09:10:57 - ingestor - INFO - New document detected: receipt.pdf.pdf
2025-08-05 09:10:57 - ingestor - INFO - [Kafka ✅] Sent to topic 'doc.ingested': receipt.pdf.pdf
2025-08-05 09:10:57 - ingestor - INFO - Processed 1 Gmail attachments
2025-08-05 09:11:58 - ingestor - INFO - Fetching emails newer than 2025/08/05...
2025-08-05 09:11:59 - ingestor - INFO - Found 0 emails to process
2025-08-05 09:11:59 - ingestor - INFO - No new Gmail attachments to process
2025-08-05 09:12:59 - ingestor - INFO - Fetching emails newer than 2025/08/05...
2025-08-05 09:12:59 - ingestor - INFO - Found 0 emails to process
2025-08-05 09:12:59 - ingestor - INFO - No new Gmail attachments to process
2025-08-05 09:13:13 - ingestor - INFO - Kafka producer initialized successfully
2025-08-05 09:13:13 - ingestor - INFO - Starting Document Ingestor Service...
2025-08-05 09:13:13 - ingestor - INFO - File watcher started monitoring: D:\Langs\Team_Docs\Local working prototype\Document-Ingestion-and-Classification\backend\ingestor\uploads
2025-08-05 09:13:13 - ingestor - INFO - Gmail monitor started
2025-08-05 09:13:13 - ingestor - INFO - Gmail monitoring enabled (check interval: 60s)
2025-08-05 09:13:13 - ingestor - INFO - Starting web server on port 5000...
2025-08-05 09:13:13 - ingestor - INFO - Fetching emails newer than 2025/08/05...
2025-08-05 09:13:14 - ingestor - INFO - Found 0 emails to process
2025-08-05 09:13:14 - ingestor - INFO - No new Gmail attachments to process
2025-08-05 09:14:14 - ingestor - INFO - Fetching emails newer than 2025/08/05...
2025-08-05 09:14:15 - ingestor - INFO - Found 0 emails to process
2025-08-05 09:14:15 - ingestor - INFO - No new Gmail attachments to process
2025-08-05 09:15:16 - ingestor - INFO - Fetching emails newer than 2025/08/05...
2025-08-05 09:15:16 - ingestor - INFO - Found 0 emails to process
2025-08-05 09:15:16 - ingestor - INFO - No new Gmail attachments to process
2025-08-05 09:16:16 - ingestor - INFO - Fetching emails newer than 2025/08/05...
2025-08-05 09:16:18 - ingestor - INFO - Found 0 emails to process
2025-08-05 09:16:18 - ingestor - INFO - No new Gmail attachments to process
2025-08-05 09:16:30 - ingestor - INFO - Kafka producer initialized successfully
2025-08-05 09:16:30 - ingestor - INFO - Starting Document Ingestor Service...
2025-08-05 09:16:30 - ingestor - INFO - File watcher started monitoring: D:\Langs\Team_Docs\Local working prototype\Document-Ingestion-and-Classification\backend\ingestor\uploads
2025-08-05 09:16:30 - ingestor - INFO - Gmail monitor started
2025-08-05 09:16:30 - ingestor - INFO - Gmail monitoring enabled (check interval: 10s)
2025-08-05 09:16:30 - ingestor - INFO - Starting web server on port 5000...
2025-08-05 09:16:30 - ingestor - INFO - Fetching emails newer than 2025/08/05...
2025-08-05 09:16:31 - ingestor - INFO - Found 0 emails to process
2025-08-05 09:16:31 - ingestor - INFO - No new Gmail attachments to process
2025-08-05 09:16:41 - ingestor - INFO - Fetching emails newer than 2025/08/05...
2025-08-05 09:16:42 - ingestor - INFO - Found 0 emails to process
2025-08-05 09:16:42 - ingestor - INFO - No new Gmail attachments to process
2025-08-05 09:16:52 - ingestor - INFO - Fetching emails newer than 2025/08/05...
2025-08-05 09:16:53 - ingestor - INFO - Found 0 emails to process
2025-08-05 09:16:53 - ingestor - INFO - No new Gmail attachments to process
2025-08-05 09:17:03 - ingestor - INFO - Fetching emails newer than 2025/08/05...
2025-08-05 09:17:04 - ingestor - INFO - Found 0 emails to process
2025-08-05 09:17:04 - ingestor - INFO - No new Gmail attachments to process
2025-08-05 09:17:14 - ingestor - INFO - Fetching emails newer than 2025/08/05...
2025-08-05 09:17:15 - ingestor - INFO - Found 0 emails to process
2025-08-05 09:17:15 - ingestor - INFO - No new Gmail attachments to process
2025-08-05 09:17:25 - ingestor - INFO - Fetching emails newer than 2025/08/05...
2025-08-05 09:17:26 - ingestor - INFO - Found 0 emails to process
2025-08-05 09:17:26 - ingestor - INFO - No new Gmail attachments to process
2025-08-05 12:46:30 - ingestor - INFO - Kafka producer initialized successfully
2025-08-05 12:46:30 - ingestor - INFO - Starting Document Ingestor Service...
2025-08-05 12:46:30 - ingestor - INFO - File watcher started monitoring: D:\Langs\Team_Docs\Local working prototype\Document-Ingestion-and-Classification\Backend\ingestor\uploads
2025-08-05 12:46:30 - ingestor - INFO - Gmail monitor started
2025-08-05 12:46:30 - ingestor - INFO - Gmail monitoring enabled (check interval: 10s)
2025-08-05 12:46:30 - ingestor - INFO - Starting web server on port 5000...
2025-08-05 12:46:31 - ingestor - INFO - Gmail credentials saved successfully
2025-08-05 12:46:31 - ingestor - INFO - Fetching emails newer than 2025/08/05...
2025-08-05 12:46:32 - ingestor - INFO - Found 0 emails to process
2025-08-05 12:46:32 - ingestor - INFO - No new Gmail attachments to process
2025-08-05 12:46:42 - ingestor - INFO - Fetching emails newer than 2025/08/05...
2025-08-05 12:46:43 - ingestor - INFO - Found 0 emails to process
2025-08-05 12:46:43 - ingestor - INFO - No new Gmail attachments to process
2025-08-05 12:46:53 - ingestor - INFO - Fetching emails newer than 2025/08/05...
2025-08-05 12:46:54 - ingestor - INFO - Found 0 emails to process
2025-08-05 12:46:54 - ingestor - INFO - No new Gmail attachments to process
2025-08-05 12:47:04 - ingestor - INFO - Fetching emails newer than 2025/08/05...
2025-08-05 12:47:05 - ingestor - INFO - Found 0 emails to process
2025-08-05 12:47:05 - ingestor - INFO - No new Gmail attachments to process
2025-08-05 12:47:15 - ingestor - INFO - Fetching emails newer than 2025/08/05...
2025-08-05 12:47:15 - ingestor - INFO - Found 0 emails to process
2025-08-05 12:47:15 - ingestor - INFO - No new Gmail attachments to process
2025-08-05 12:47:26 - ingestor - INFO - Fetching emails newer than 2025/08/05...
2025-08-05 12:47:26 - ingestor - INFO - Found 0 emails to process
2025-08-05 12:47:26 - ingestor - INFO - No new Gmail attachments to process
2025-08-05 12:47:36 - ingestor - INFO - Fetching emails newer than 2025/08/05...
2025-08-05 12:47:37 - ingestor - INFO - Found 0 emails to process
2025-08-05 12:47:37 - ingestor - INFO - No new Gmail attachments to process
2025-08-05 12:47:47 - ingestor - INFO - Fetching emails newer than 2025/08/05...
2025-08-05 12:47:48 - ingestor - INFO - Found 1 emails to process
2025-08-05 12:47:49 - ingestor - INFO - [Kafka ✅] Sent to topic 'doc.ingested': Document Ingestion & Classification.pdf
2025-08-05 12:47:49 - ingestor - INFO - Gmail attachment processed: Document Ingestion & Classification.pdf
2025-08-05 12:47:50 - ingestor - INFO - Processed 1 Gmail attachments
2025-08-05 12:48:00 - ingestor - INFO - Fetching emails newer than 2025/08/05...
2025-08-05 12:48:01 - ingestor - INFO - Found 0 emails to process
2025-08-05 12:48:01 - ingestor - INFO - No new Gmail attachments to process
2025-08-05 12:48:11 - ingestor - INFO - Fetching emails newer than 2025/08/05...
2025-08-05 12:48:12 - ingestor - INFO - Found 0 emails to process
2025-08-05 12:48:12 - ingestor - INFO - No new Gmail attachments to process
2025-08-05 12:48:22 - ingestor - INFO - Fetching emails newer than 2025/08/05...
2025-08-05 12:48:23 - ingestor - INFO - Found 0 emails to process
2025-08-05 12:48:23 - ingestor - INFO - No new Gmail attachments to process
2025-08-05 12:48:33 - ingestor - INFO - Fetching emails newer than 2025/08/05...
2025-08-05 12:48:34 - ingestor - INFO - Found 0 emails to process
2025-08-05 12:48:34 - ingestor - INFO - No new Gmail attachments to process
2025-08-05 12:48:44 - ingestor - INFO - Fetching emails newer than 2025/08/05...
2025-08-05 12:48:44 - ingestor - INFO - Found 0 emails to process
2025-08-05 12:48:44 - ingestor - INFO - No new Gmail attachments to process
2025-08-05 12:48:54 - ingestor - INFO - Fetching emails newer than 2025/08/05...
2025-08-05 12:48:55 - ingestor - INFO - Found 0 emails to process
2025-08-05 12:48:55 - ingestor - INFO - No new Gmail attachments to process
2025-08-05 12:49:05 - ingestor - INFO - Fetching emails newer than 2025/08/05...
2025-08-05 12:49:06 - ingestor - INFO - Found 0 emails to process
2025-08-05 12:49:06 - ingestor - INFO - No new Gmail attachments to process
2025-08-05 12:49:16 - ingestor - INFO - Fetching emails newer than 2025/08/05...
2025-08-05 12:49:17 - ingestor - INFO - Found 0 emails to process
2025-08-05 12:49:17 - ingestor - INFO - No new Gmail attachments to process
2025-08-05 12:49:27 - ingestor - INFO - Fetching emails newer than 2025/08/05...
2025-08-05 12:49:28 - ingestor - INFO - Found 0 emails to process
2025-08-05 12:49:28 - ingestor - INFO - No new Gmail attachments to process
2025-08-05 12:49:38 - ingestor - INFO - Fetching emails newer than 2025/08/05...
2025-08-05 12:49:39 - ingestor - INFO - Found 0 emails to process
2025-08-05 12:49:39 - ingestor - INFO - No new Gmail attachments to process
2025-08-05 12:49:49 - ingestor - INFO - Fetching emails newer than 2025/08/05...
2025-08-05 12:49:50 - ingestor - INFO - Found 0 emails to process
2025-08-05 12:49:50 - ingestor - INFO - No new Gmail attachments to process
2025-08-05 12:50:00 - ingestor - INFO - Fetching emails newer than 2025/08/05...
2025-08-05 12:50:01 - ingestor - INFO - Found 0 emails to process
2025-08-05 12:50:01 - ingestor - INFO - No new Gmail attachments to process
2025-08-05 12:50:11 - ingestor - INFO - Fetching emails newer than 2025/08/05...
2025-08-05 12:50:11 - ingestor - INFO - Found 0 emails to process
2025-08-05 12:50:11 - ingestor - INFO - No new Gmail attachments to process
2025-08-05 12:50:22 - ingestor - INFO - Fetching emails newer than 2025/08/05...
2025-08-05 12:50:22 - ingestor - INFO - Found 0 emails to process
2025-08-05 12:50:22 - ingestor - INFO - No new Gmail attachments to process
2025-08-05 12:50:32 - ingestor - INFO - Fetching emails newer than 2025/08/05...
2025-08-05 12:50:33 - ingestor - INFO - Found 0 emails to process
2025-08-05 12:50:33 - ingestor - INFO - No new Gmail attachments to process
2025-08-05 12:50:43 - ingestor - INFO - Fetching emails newer than 2025/08/05...
2025-08-05 12:50:44 - ingestor - INFO - Found 0 emails to process
2025-08-05 12:50:44 - ingestor - INFO - No new Gmail attachments to process
2025-08-05 12:50:54 - ingestor - INFO - Fetching emails newer than 2025/08/05...
2025-08-05 12:50:55 - ingestor - INFO - Found 0 emails to process
2025-08-05 12:50:55 - ingestor - INFO - No new Gmail attachments to process
2025-08-05 12:51:05 - ingestor - INFO - Fetching emails newer than 2025/08/05...
2025-08-05 12:51:05 - ingestor - INFO - Found 0 emails to process
2025-08-05 12:51:05 - ingestor - INFO - No new Gmail attachments to process
2025-08-05 12:51:15 - ingestor - INFO - Fetching emails newer than 2025/08/05...
2025-08-05 12:51:16 - ingestor - INFO - Found 0 emails to process
2025-08-05 12:51:16 - ingestor - INFO - No new Gmail attachments to process
2025-08-05 12:51:26 - ingestor - INFO - Fetching emails newer than 2025/08/05...
2025-08-05 12:51:27 - ingestor - INFO - Found 0 emails to process
2025-08-05 12:51:27 - ingestor - INFO - No new Gmail attachments to process
2025-08-05 12:51:37 - ingestor - INFO - Fetching emails newer than 2025/08/05...
2025-08-05 12:51:38 - ingestor - INFO - Found 0 emails to process
2025-08-05 12:51:38 - ingestor - INFO - No new Gmail attachments to process
2025-08-05 12:51:48 - ingestor - INFO - Fetching emails newer than 2025/08/05...
2025-08-05 12:51:48 - ingestor - INFO - Found 0 emails to process
2025-08-05 12:51:48 - ingestor - INFO - No new Gmail attachments to process
2025-08-05 12:51:59 - ingestor - INFO - Fetching emails newer than 2025/08/05...
2025-08-05 12:51:59 - ingestor - INFO - Found 0 emails to process
2025-08-05 12:51:59 - ingestor - INFO - No new Gmail attachments to process
2025-08-05 12:52:09 - ingestor - INFO - Fetching emails newer than 2025/08/05...
2025-08-05 12:52:10 - ingestor - INFO - Found 0 emails to process
2025-08-05 12:52:10 - ingestor - INFO - No new Gmail attachments to process
2025-08-05 12:52:20 - ingestor - INFO - Fetching emails newer than 2025/08/05...
2025-08-05 12:52:21 - ingestor - INFO - Found 0 emails to process
2025-08-05 12:52:21 - ingestor - INFO - No new Gmail attachments to process
2025-08-05 12:52:31 - ingestor - INFO - Fetching emails newer than 2025/08/05...
2025-08-05 12:52:32 - ingestor - INFO - Found 0 emails to process
2025-08-05 12:52:32 - ingestor - INFO - No new Gmail attachments to process
2025-08-05 12:52:42 - ingestor - INFO - Fetching emails newer than 2025/08/05...
2025-08-05 12:52:43 - ingestor - INFO - Found 0 emails to process
2025-08-05 12:52:43 - ingestor - INFO - No new Gmail attachments to process
2025-08-05 12:52:53 - ingestor - INFO - Fetching emails newer than 2025/08/05...
2025-08-05 12:52:54 - ingestor - INFO - Found 0 emails to process
2025-08-05 12:52:54 - ingestor - INFO - No new Gmail attachments to process
2025-08-05 12:53:04 - ingestor - INFO - Fetching emails newer than 2025/08/05...
2025-08-05 12:53:05 - ingestor - INFO - Found 0 emails to process
2025-08-05 12:53:05 - ingestor - INFO - No new Gmail attachments to process
2025-08-05 12:53:15 - ingestor - INFO - Fetching emails newer than 2025/08/05...
2025-08-05 12:53:16 - ingestor - INFO - Found 0 emails to process
2025-08-05 12:53:16 - ingestor - INFO - No new Gmail attachments to process
2025-08-05 12:53:26 - ingestor - INFO - Fetching emails newer than 2025/08/05...
2025-08-05 12:53:27 - ingestor - INFO - Found 0 emails to process
2025-08-05 12:53:27 - ingestor - INFO - No new Gmail attachments to process
2025-08-05 12:53:37 - ingestor - INFO - Fetching emails newer than 2025/08/05...
2025-08-05 12:53:38 - ingestor - INFO - Found 0 emails to process
2025-08-05 12:53:38 - ingestor - INFO - No new Gmail attachments to process
2025-08-05 12:53:48 - ingestor - INFO - Fetching emails newer than 2025/08/05...
2025-08-05 12:53:49 - ingestor - INFO - Found 0 emails to process
2025-08-05 12:53:49 - ingestor - INFO - No new Gmail attachments to process
2025-08-05 12:53:59 - ingestor - INFO - Fetching emails newer than 2025/08/05...
2025-08-05 12:54:00 - ingestor - INFO - Found 0 emails to process
2025-08-05 12:54:00 - ingestor - INFO - No new Gmail attachments to process
2025-08-05 12:54:10 - ingestor - INFO - Fetching emails newer than 2025/08/05...
2025-08-05 12:54:11 - ingestor - INFO - Found 0 emails to process
2025-08-05 12:54:11 - ingestor - INFO - No new Gmail attachments to process
2025-08-05 12:54:21 - ingestor - INFO - Fetching emails newer than 2025/08/05...
2025-08-05 12:54:22 - ingestor - INFO - Found 0 emails to process
2025-08-05 12:54:22 - ingestor - INFO - No new Gmail attachments to process
2025-08-05 12:54:32 - ingestor - INFO - Fetching emails newer than 2025/08/05...
2025-08-05 12:54:33 - ingestor - INFO - Found 0 emails to process
2025-08-05 12:54:33 - ingestor - INFO - No new Gmail attachments to process
2025-08-05 12:54:43 - ingestor - INFO - Fetching emails newer than 2025/08/05...
2025-08-05 12:54:44 - ingestor - INFO - Found 0 emails to process
2025-08-05 12:54:44 - ingestor - INFO - No new Gmail attachments to process
2025-08-05 12:54:54 - ingestor - INFO - Fetching emails newer than 2025/08/05...
2025-08-05 12:54:55 - ingestor - INFO - Found 0 emails to process
2025-08-05 12:54:55 - ingestor - INFO - No new Gmail attachments to process
2025-08-05 12:55:05 - ingestor - INFO - Fetching emails newer than 2025/08/05...
2025-08-05 12:55:06 - ingestor - INFO - Found 0 emails to process
2025-08-05 12:55:06 - ingestor - INFO - No new Gmail attachments to process
2025-08-05 12:55:16 - ingestor - INFO - Fetching emails newer than 2025/08/05...
2025-08-05 12:55:17 - ingestor - INFO - Found 0 emails to process
2025-08-05 12:55:17 - ingestor - INFO - No new Gmail attachments to process
2025-08-05 12:55:27 - ingestor - INFO - Fetching emails newer than 2025/08/05...
2025-08-05 12:55:28 - ingestor - INFO - Found 0 emails to process
2025-08-05 12:55:28 - ingestor - INFO - No new Gmail attachments to process
2025-08-05 12:55:38 - ingestor - INFO - Fetching emails newer than 2025/08/05...
2025-08-05 12:55:39 - ingestor - INFO - Found 0 emails to process
2025-08-05 12:55:39 - ingestor - INFO - No new Gmail attachments to process
2025-08-05 12:55:49 - ingestor - INFO - Fetching emails newer than 2025/08/05...
2025-08-05 12:55:50 - ingestor - INFO - Found 0 emails to process
2025-08-05 12:55:50 - ingestor - INFO - No new Gmail attachments to process
2025-08-05 12:56:00 - ingestor - INFO - Fetching emails newer than 2025/08/05...
2025-08-05 12:56:01 - ingestor - INFO - Found 0 emails to process
2025-08-05 12:56:01 - ingestor - INFO - No new Gmail attachments to process
2025-08-05 12:56:11 - ingestor - INFO - Fetching emails newer than 2025/08/05...
2025-08-05 12:56:12 - ingestor - INFO - Found 0 emails to process
2025-08-05 12:56:12 - ingestor - INFO - No new Gmail attachments to process
2025-08-05 12:56:22 - ingestor - INFO - Fetching emails newer than 2025/08/05...
2025-08-05 12:56:23 - ingestor - INFO - Found 0 emails to process
2025-08-05 12:56:23 - ingestor - INFO - No new Gmail attachments to process
2025-08-05 12:56:33 - ingestor - INFO - Fetching emails newer than 2025/08/05...
2025-08-05 12:56:34 - ingestor - INFO - Found 0 emails to process
2025-08-05 12:56:34 - ingestor - INFO - No new Gmail attachments to process
2025-08-05 12:56:44 - ingestor - INFO - Fetching emails newer than 2025/08/05...
2025-08-05 12:56:45 - ingestor - INFO - Found 0 emails to process
2025-08-05 12:56:45 - ingestor - INFO - No new Gmail attachments to process
2025-08-05 12:56:55 - ingestor - INFO - Fetching emails newer than 2025/08/05...
2025-08-05 12:56:56 - ingestor - INFO - Found 0 emails to process
2025-08-05 12:56:56 - ingestor - INFO - No new Gmail attachments to process
2025-08-05 12:57:06 - ingestor - INFO - Fetching emails newer than 2025/08/05...
2025-08-05 12:57:07 - ingestor - INFO - Found 0 emails to process
2025-08-05 12:57:07 - ingestor - INFO - No new Gmail attachments to process
2025-08-05 12:57:17 - ingestor - INFO - Fetching emails newer than 2025/08/05...
2025-08-05 12:57:18 - ingestor - INFO - Found 0 emails to process
2025-08-05 12:57:18 - ingestor - INFO - No new Gmail attachments to process
2025-08-05 12:57:28 - ingestor - INFO - Fetching emails newer than 2025/08/05...
2025-08-05 12:57:29 - ingestor - INFO - Found 0 emails to process
2025-08-05 12:57:29 - ingestor - INFO - No new Gmail attachments to process
2025-08-05 12:57:39 - ingestor - INFO - Fetching emails newer than 2025/08/05...
2025-08-05 12:57:40 - ingestor - INFO - Found 0 emails to process
2025-08-05 12:57:40 - ingestor - INFO - No new Gmail attachments to process
2025-08-05 12:57:50 - ingestor - INFO - Fetching emails newer than 2025/08/05...
2025-08-05 12:57:51 - ingestor - INFO - Found 0 emails to process
2025-08-05 12:57:51 - ingestor - INFO - No new Gmail attachments to process
2025-08-05 12:58:01 - ingestor - INFO - Fetching emails newer than 2025/08/05...
2025-08-05 12:58:02 - ingestor - INFO - Found 0 emails to process
2025-08-05 12:58:02 - ingestor - INFO - No new Gmail attachments to process
2025-08-05 12:58:12 - ingestor - INFO - Fetching emails newer than 2025/08/05...
2025-08-05 12:58:13 - ingestor - INFO - Found 0 emails to process
2025-08-05 12:58:13 - ingestor - INFO - No new Gmail attachments to process
2025-08-05 12:58:23 - ingestor - INFO - Fetching emails newer than 2025/08/05...
2025-08-05 12:58:24 - ingestor - INFO - Found 0 emails to process
2025-08-05 12:58:24 - ingestor - INFO - No new Gmail attachments to process
2025-08-05 12:58:34 - ingestor - INFO - Fetching emails newer than 2025/08/05...
2025-08-05 12:58:34 - ingestor - INFO - Found 0 emails to process
2025-08-05 12:58:34 - ingestor - INFO - No new Gmail attachments to process
2025-08-05 12:58:44 - ingestor - INFO - Fetching emails newer than 2025/08/05...
2025-08-05 12:58:45 - ingestor - INFO - Found 0 emails to process
2025-08-05 12:58:45 - ingestor - INFO - No new Gmail attachments to process
2025-08-05 12:58:55 - ingestor - INFO - Fetching emails newer than 2025/08/05...
2025-08-05 12:58:56 - ingestor - INFO - Found 0 emails to process
2025-08-05 12:58:56 - ingestor - INFO - No new Gmail attachments to process
2025-08-05 12:59:06 - ingestor - INFO - Fetching emails newer than 2025/08/05...
2025-08-05 12:59:07 - ingestor - INFO - Found 0 emails to process
2025-08-05 12:59:07 - ingestor - INFO - No new Gmail attachments to process
2025-08-05 12:59:17 - ingestor - INFO - Fetching emails newer than 2025/08/05...
2025-08-05 12:59:18 - ingestor - INFO - Found 0 emails to process
2025-08-05 12:59:18 - ingestor - INFO - No new Gmail attachments to process
2025-08-05 12:59:28 - ingestor - INFO - Fetching emails newer than 2025/08/05...
2025-08-05 12:59:29 - ingestor - INFO - Found 0 emails to process
2025-08-05 12:59:29 - ingestor - INFO - No new Gmail attachments to process
2025-08-05 12:59:39 - ingestor - INFO - Fetching emails newer than 2025/08/05...
2025-08-05 12:59:39 - ingestor - INFO - Found 0 emails to process
2025-08-05 12:59:39 - ingestor - INFO - No new Gmail attachments to process
2025-08-05 12:59:50 - ingestor - INFO - Fetching emails newer than 2025/08/05...
2025-08-05 12:59:50 - ingestor - INFO - Found 0 emails to process
2025-08-05 12:59:50 - ingestor - INFO - No new Gmail attachments to process
2025-08-05 13:00:00 - ingestor - INFO - Fetching emails newer than 2025/08/05...
2025-08-05 13:00:01 - ingestor - INFO - Found 0 emails to process
2025-08-05 13:00:01 - ingestor - INFO - No new Gmail attachments to process
2025-08-05 13:00:11 - ingestor - INFO - Fetching emails newer than 2025/08/05...
2025-08-05 13:00:12 - ingestor - INFO - Found 0 emails to process
2025-08-05 13:00:12 - ingestor - INFO - No new Gmail attachments to process
2025-08-05 13:00:22 - ingestor - INFO - Fetching emails newer than 2025/08/05...
2025-08-05 13:00:23 - ingestor - INFO - Found 0 emails to process
2025-08-05 13:00:23 - ingestor - INFO - No new Gmail attachments to process
2025-08-05 13:00:33 - ingestor - INFO - Fetching emails newer than 2025/08/05...
2025-08-05 13:00:34 - ingestor - INFO - Found 0 emails to process
2025-08-05 13:00:34 - ingestor - INFO - No new Gmail attachments to process
2025-08-05 13:00:44 - ingestor - INFO - Fetching emails newer than 2025/08/05...
2025-08-05 13:00:44 - ingestor - INFO - Found 0 emails to process
2025-08-05 13:00:44 - ingestor - INFO - No new Gmail attachments to process
2025-08-05 13:00:54 - ingestor - INFO - Fetching emails newer than 2025/08/05...
2025-08-05 13:00:55 - ingestor - INFO - Found 0 emails to process
2025-08-05 13:00:55 - ingestor - INFO - No new Gmail attachments to process
2025-08-05 13:01:05 - ingestor - INFO - Fetching emails newer than 2025/08/05...
2025-08-05 13:01:06 - ingestor - INFO - Found 0 emails to process
2025-08-05 13:01:06 - ingestor - INFO - No new Gmail attachments to process
2025-08-05 13:01:16 - ingestor - INFO - Fetching emails newer than 2025/08/05...
2025-08-05 13:01:17 - ingestor - INFO - Found 0 emails to process
2025-08-05 13:01:17 - ingestor - INFO - No new Gmail attachments to process
2025-08-05 13:01:27 - ingestor - INFO - Fetching emails newer than 2025/08/05...
2025-08-05 13:01:28 - ingestor - INFO - Found 0 emails to process
2025-08-05 13:01:28 - ingestor - INFO - No new Gmail attachments to process
2025-08-05 13:01:38 - ingestor - INFO - Fetching emails newer than 2025/08/05...
2025-08-05 13:01:38 - ingestor - INFO - Found 0 emails to process
2025-08-05 13:01:38 - ingestor - INFO - No new Gmail attachments to process
2025-08-05 13:01:49 - ingestor - INFO - Fetching emails newer than 2025/08/05...
2025-08-05 13:01:49 - ingestor - INFO - Found 0 emails to process
2025-08-05 13:01:49 - ingestor - INFO - No new Gmail attachments to process
2025-08-05 13:01:59 - ingestor - INFO - Fetching emails newer than 2025/08/05...
2025-08-05 13:02:00 - ingestor - INFO - Found 0 emails to process
2025-08-05 13:02:00 - ingestor - INFO - No new Gmail attachments to process
2025-08-05 13:02:10 - ingestor - INFO - Fetching emails newer than 2025/08/05...
2025-08-05 13:02:11 - ingestor - INFO - Found 0 emails to process
2025-08-05 13:02:11 - ingestor - INFO - No new Gmail attachments to process
2025-08-05 13:02:21 - ingestor - INFO - Fetching emails newer than 2025/08/05...
2025-08-05 13:02:22 - ingestor - INFO - Found 0 emails to process
2025-08-05 13:02:22 - ingestor - INFO - No new Gmail attachments to process
2025-08-05 13:02:32 - ingestor - INFO - Fetching emails newer than 2025/08/05...
2025-08-05 13:02:33 - ingestor - INFO - Found 0 emails to process
2025-08-05 13:02:33 - ingestor - INFO - No new Gmail attachments to process
2025-08-05 13:02:43 - ingestor - INFO - Fetching emails newer than 2025/08/05...
2025-08-05 13:02:44 - ingestor - INFO - Found 0 emails to process
2025-08-05 13:02:44 - ingestor - INFO - No new Gmail attachments to process
2025-08-05 13:02:54 - ingestor - INFO - Fetching emails newer than 2025/08/05...
2025-08-05 13:02:54 - ingestor - INFO - Found 0 emails to process
2025-08-05 13:02:54 - ingestor - INFO - No new Gmail attachments to process
2025-08-05 13:03:04 - ingestor - INFO - Fetching emails newer than 2025/08/05...
2025-08-05 13:03:06 - ingestor - INFO - Found 0 emails to process
2025-08-05 13:03:06 - ingestor - INFO - No new Gmail attachments to process
2025-08-05 13:03:16 - ingestor - INFO - Fetching emails newer than 2025/08/05...
2025-08-05 13:03:17 - ingestor - INFO - Found 0 emails to process
2025-08-05 13:03:17 - ingestor - INFO - No new Gmail attachments to process
2025-08-05 13:03:27 - ingestor - INFO - Fetching emails newer than 2025/08/05...
2025-08-05 13:03:28 - ingestor - INFO - Found 0 emails to process
2025-08-05 13:03:28 - ingestor - INFO - No new Gmail attachments to process
2025-08-05 13:03:38 - ingestor - INFO - Fetching emails newer than 2025/08/05...
2025-08-05 13:03:39 - ingestor - INFO - Found 0 emails to process
2025-08-05 13:03:39 - ingestor - INFO - No new Gmail attachments to process
2025-08-05 13:03:49 - ingestor - INFO - Fetching emails newer than 2025/08/05...
2025-08-05 13:03:49 - ingestor - INFO - Found 0 emails to process
2025-08-05 13:03:49 - ingestor - INFO - No new Gmail attachments to process
2025-08-05 13:03:59 - ingestor - INFO - Fetching emails newer than 2025/08/05...
2025-08-05 13:04:00 - ingestor - INFO - Found 0 emails to process
2025-08-05 13:04:00 - ingestor - INFO - No new Gmail attachments to process
2025-08-05 13:04:10 - ingestor - INFO - Fetching emails newer than 2025/08/05...
2025-08-05 13:04:11 - ingestor - INFO - Found 0 emails to process
2025-08-05 13:04:11 - ingestor - INFO - No new Gmail attachments to process
2025-08-05 13:04:21 - ingestor - INFO - Fetching emails newer than 2025/08/05...
2025-08-05 13:04:22 - ingestor - INFO - Found 0 emails to process
2025-08-05 13:04:22 - ingestor - INFO - No new Gmail attachments to process
2025-08-05 13:04:32 - ingestor - INFO - Fetching emails newer than 2025/08/05...
2025-08-05 13:04:33 - ingestor - INFO - Found 0 emails to process
2025-08-05 13:04:33 - ingestor - INFO - No new Gmail attachments to process
2025-08-05 13:04:43 - ingestor - INFO - Fetching emails newer than 2025/08/05...
2025-08-05 13:04:44 - ingestor - INFO - Found 0 emails to process
2025-08-05 13:04:44 - ingestor - INFO - No new Gmail attachments to process
2025-08-05 13:04:54 - ingestor - INFO - Fetching emails newer than 2025/08/05...
2025-08-05 13:04:55 - ingestor - INFO - Found 0 emails to process
2025-08-05 13:04:55 - ingestor - INFO - No new Gmail attachments to process
2025-08-05 13:05:05 - ingestor - INFO - Fetching emails newer than 2025/08/05...
2025-08-05 13:05:06 - ingestor - INFO - Found 0 emails to process
2025-08-05 13:05:06 - ingestor - INFO - No new Gmail attachments to process
2025-08-05 13:05:16 - ingestor - INFO - Fetching emails newer than 2025/08/05...
2025-08-05 13:05:17 - ingestor - INFO - Found 0 emails to process
2025-08-05 13:05:17 - ingestor - INFO - No new Gmail attachments to process
2025-08-05 13:05:27 - ingestor - INFO - Fetching emails newer than 2025/08/05...
2025-08-05 13:05:28 - ingestor - INFO - Found 0 emails to process
2025-08-05 13:05:28 - ingestor - INFO - No new Gmail attachments to process
2025-08-05 13:05:38 - ingestor - INFO - Fetching emails newer than 2025/08/05...
2025-08-05 13:05:39 - ingestor - INFO - Found 0 emails to process
2025-08-05 13:05:39 - ingestor - INFO - No new Gmail attachments to process
2025-08-05 13:05:49 - ingestor - INFO - Fetching emails newer than 2025/08/05...
2025-08-05 13:05:50 - ingestor - INFO - Found 0 emails to process
2025-08-05 13:05:50 - ingestor - INFO - No new Gmail attachments to process
2025-08-05 13:06:00 - ingestor - INFO - Fetching emails newer than 2025/08/05...
2025-08-05 13:06:01 - ingestor - INFO - Found 0 emails to process
2025-08-05 13:06:01 - ingestor - INFO - No new Gmail attachments to process
2025-08-05 13:06:11 - ingestor - INFO - Fetching emails newer than 2025/08/05...
2025-08-05 13:06:11 - ingestor - INFO - Found 0 emails to process
2025-08-05 13:06:11 - ingestor - INFO - No new Gmail attachments to process
2025-08-05 13:06:21 - ingestor - INFO - Fetching emails newer than 2025/08/05...
2025-08-05 13:06:22 - ingestor - INFO - Found 0 emails to process
2025-08-05 13:06:22 - ingestor - INFO - No new Gmail attachments to process
2025-08-05 13:06:32 - ingestor - INFO - Fetching emails newer than 2025/08/05...
2025-08-05 13:06:33 - ingestor - INFO - Found 0 emails to process
2025-08-05 13:06:33 - ingestor - INFO - No new Gmail attachments to process
2025-08-05 13:06:43 - ingestor - INFO - Fetching emails newer than 2025/08/05...
2025-08-05 13:06:44 - ingestor - INFO - Found 0 emails to process
2025-08-05 13:06:44 - ingestor - INFO - No new Gmail attachments to process
2025-08-05 13:06:54 - ingestor - INFO - Fetching emails newer than 2025/08/05...
2025-08-05 13:06:55 - ingestor - INFO - Found 0 emails to process
2025-08-05 13:06:55 - ingestor - INFO - No new Gmail attachments to process
2025-08-05 13:07:05 - ingestor - INFO - Fetching emails newer than 2025/08/05...
2025-08-05 13:07:06 - ingestor - INFO - Found 0 emails to process
2025-08-05 13:07:06 - ingestor - INFO - No new Gmail attachments to process
2025-08-05 13:07:16 - ingestor - INFO - Fetching emails newer than 2025/08/05...
2025-08-05 13:07:17 - ingestor - INFO - Found 0 emails to process
2025-08-05 13:07:17 - ingestor - INFO - No new Gmail attachments to process
2025-08-05 13:07:27 - ingestor - INFO - Fetching emails newer than 2025/08/05...
2025-08-05 13:07:28 - ingestor - INFO - Found 0 emails to process
2025-08-05 13:07:28 - ingestor - INFO - No new Gmail attachments to process
2025-08-05 13:07:38 - ingestor - INFO - Fetching emails newer than 2025/08/05...
2025-08-05 13:07:39 - ingestor - INFO - Found 0 emails to process
2025-08-05 13:07:39 - ingestor - INFO - No new Gmail attachments to process
2025-08-05 13:07:49 - ingestor - INFO - Fetching emails newer than 2025/08/05...
2025-08-05 13:07:50 - ingestor - INFO - Found 0 emails to process
2025-08-05 13:07:50 - ingestor - INFO - No new Gmail attachments to process
2025-08-05 13:08:00 - ingestor - INFO - Fetching emails newer than 2025/08/05...
2025-08-05 13:08:01 - ingestor - INFO - Found 0 emails to process
2025-08-05 13:08:01 - ingestor - INFO - No new Gmail attachments to process
2025-08-05 13:08:11 - ingestor - INFO - Fetching emails newer than 2025/08/05...
2025-08-05 13:08:12 - ingestor - INFO - Found 0 emails to process
2025-08-05 13:08:12 - ingestor - INFO - No new Gmail attachments to process
2025-08-05 13:08:22 - ingestor - INFO - Fetching emails newer than 2025/08/05...
2025-08-05 13:08:23 - ingestor - INFO - Found 0 emails to process
2025-08-05 13:08:23 - ingestor - INFO - No new Gmail attachments to process
2025-08-05 13:08:33 - ingestor - INFO - Fetching emails newer than 2025/08/05...
2025-08-05 13:08:34 - ingestor - INFO - Found 0 emails to process
2025-08-05 13:08:34 - ingestor - INFO - No new Gmail attachments to process
2025-08-05 13:08:44 - ingestor - INFO - Fetching emails newer than 2025/08/05...
2025-08-05 13:08:45 - ingestor - INFO - Found 0 emails to process
2025-08-05 13:08:45 - ingestor - INFO - No new Gmail attachments to process
2025-08-05 13:08:55 - ingestor - INFO - Fetching emails newer than 2025/08/05...
2025-08-05 13:08:56 - ingestor - INFO - Found 0 emails to process
2025-08-05 13:08:56 - ingestor - INFO - No new Gmail attachments to process
2025-08-05 13:09:06 - ingestor - INFO - Fetching emails newer than 2025/08/05...
2025-08-05 13:09:07 - ingestor - INFO - Found 0 emails to process
2025-08-05 13:09:07 - ingestor - INFO - No new Gmail attachments to process
2025-08-05 13:09:17 - ingestor - INFO - Fetching emails newer than 2025/08/05...
2025-08-05 13:09:18 - ingestor - INFO - Found 0 emails to process
2025-08-05 13:09:18 - ingestor - INFO - No new Gmail attachments to process
2025-08-05 13:09:28 - ingestor - INFO - Fetching emails newer than 2025/08/05...
2025-08-05 13:09:29 - ingestor - INFO - Found 0 emails to process
2025-08-05 13:09:29 - ingestor - INFO - No new Gmail attachments to process
2025-08-05 13:09:39 - ingestor - INFO - Fetching emails newer than 2025/08/05...
2025-08-05 13:09:40 - ingestor - INFO - Found 0 emails to process
2025-08-05 13:09:40 - ingestor - INFO - No new Gmail attachments to process
2025-08-05 13:09:50 - ingestor - INFO - Fetching emails newer than 2025/08/05...
2025-08-05 13:09:51 - ingestor - INFO - Found 0 emails to process
2025-08-05 13:09:51 - ingestor - INFO - No new Gmail attachments to process
2025-08-05 13:10:01 - ingestor - INFO - Fetching emails newer than 2025/08/05...
2025-08-05 13:10:02 - ingestor - INFO - Found 0 emails to process
2025-08-05 13:10:02 - ingestor - INFO - No new Gmail attachments to process
2025-08-05 13:10:12 - ingestor - INFO - Fetching emails newer than 2025/08/05...
2025-08-05 13:10:13 - ingestor - INFO - Found 0 emails to process
2025-08-05 13:10:13 - ingestor - INFO - No new Gmail attachments to process
2025-08-05 13:10:23 - ingestor - INFO - Fetching emails newer than 2025/08/05...
2025-08-05 13:10:24 - ingestor - INFO - Found 0 emails to process
2025-08-05 13:10:24 - ingestor - INFO - No new Gmail attachments to process
2025-08-05 13:10:34 - ingestor - INFO - Fetching emails newer than 2025/08/05...
2025-08-05 13:10:35 - ingestor - INFO - Found 0 emails to process
2025-08-05 13:10:35 - ingestor - INFO - No new Gmail attachments to process
2025-08-05 13:10:45 - ingestor - INFO - Fetching emails newer than 2025/08/05...
2025-08-05 13:10:46 - ingestor - INFO - Found 0 emails to process
2025-08-05 13:10:46 - ingestor - INFO - No new Gmail attachments to process
2025-08-05 13:10:56 - ingestor - INFO - Fetching emails newer than 2025/08/05...
2025-08-05 13:10:57 - ingestor - INFO - Found 0 emails to process
2025-08-05 13:10:57 - ingestor - INFO - No new Gmail attachments to process
2025-08-05 13:11:07 - ingestor - INFO - Fetching emails newer than 2025/08/05...
2025-08-05 13:11:08 - ingestor - INFO - Found 0 emails to process
2025-08-05 13:11:08 - ingestor - INFO - No new Gmail attachments to process
2025-08-05 13:11:18 - ingestor - INFO - Fetching emails newer than 2025/08/05...
2025-08-05 13:11:19 - ingestor - INFO - Found 0 emails to process
2025-08-05 13:11:19 - ingestor - INFO - No new Gmail attachments to process
2025-08-05 13:11:29 - ingestor - INFO - Fetching emails newer than 2025/08/05...
2025-08-05 13:11:30 - ingestor - INFO - Found 0 emails to process
2025-08-05 13:11:30 - ingestor - INFO - No new Gmail attachments to process
2025-08-05 13:11:40 - ingestor - INFO - Fetching emails newer than 2025/08/05...
2025-08-05 13:11:40 - ingestor - INFO - Found 0 emails to process
2025-08-05 13:11:40 - ingestor - INFO - No new Gmail attachments to process
2025-08-05 13:11:50 - ingestor - INFO - Fetching emails newer than 2025/08/05...
2025-08-05 13:11:51 - ingestor - INFO - Found 0 emails to process
2025-08-05 13:11:51 - ingestor - INFO - No new Gmail attachments to process
2025-08-05 13:12:01 - ingestor - INFO - Fetching emails newer than 2025/08/05...
2025-08-05 13:12:02 - ingestor - INFO - Found 0 emails to process
2025-08-05 13:12:02 - ingestor - INFO - No new Gmail attachments to process
2025-08-05 23:29:57 - ingestor - INFO - Kafka producer initialized successfully
2025-08-05 23:29:57 - ingestor - INFO - Starting Document Ingestor Service...
2025-08-05 23:29:57 - ingestor - INFO - File watcher started monitoring: D:\Langs\Team_Docs\Local working prototype\Document-Ingestion-and-Classification\Backend\ingestor\uploads
2025-08-05 23:29:57 - ingestor - INFO - Gmail monitor started
2025-08-05 23:29:57 - ingestor - INFO - Gmail monitoring enabled (check interval: 10s)
2025-08-05 23:29:57 - ingestor - INFO - Starting web server on port 5000...
2025-08-05 23:29:58 - ingestor - INFO - Gmail credentials saved successfully
2025-08-05 23:29:58 - ingestor - INFO - Fetching emails newer than 2025/08/05...
2025-08-05 23:30:01 - ingestor - INFO - Found 1 emails to process
2025-08-05 23:30:03 - ingestor - INFO - [Kafka ✅] Sent to topic 'doc.ingested': Hackathon invitation Rajesh 6th aug .jpg
2025-08-05 23:30:03 - ingestor - INFO - Gmail attachment processed: Hackathon invitation Rajesh 6th aug .jpg
2025-08-05 23:30:04 - ingestor - INFO - New document detected: Hackathon invitation Rajesh 6th aug .jpg
2025-08-05 23:30:04 - ingestor - INFO - [Kafka ✅] Sent to topic 'doc.ingested': Hackathon invitation Rajesh 6th aug .jpg
2025-08-05 23:30:04 - ingestor - INFO - Processed 1 Gmail attachments
2025-08-05 23:30:14 - ingestor - INFO - Fetching emails newer than 2025/08/05...
2025-08-05 23:30:15 - ingestor - INFO - Found 0 emails to process
2025-08-05 23:30:15 - ingestor - INFO - No new Gmail attachments to process
2025-08-05 23:30:26 - ingestor - INFO - Fetching emails newer than 2025/08/05...
2025-08-05 23:30:27 - ingestor - INFO - Found 0 emails to process
2025-08-05 23:30:27 - ingestor - INFO - No new Gmail attachments to process
2025-08-05 23:30:37 - ingestor - INFO - Fetching emails newer than 2025/08/05...
2025-08-05 23:30:39 - ingestor - INFO - Found 0 emails to process
2025-08-05 23:30:39 - ingestor - INFO - No new Gmail attachments to process
2025-08-05 23:30:49 - ingestor - INFO - Fetching emails newer than 2025/08/05...
2025-08-05 23:30:50 - ingestor - INFO - Found 0 emails to process
2025-08-05 23:30:50 - ingestor - INFO - No new Gmail attachments to process
2025-08-05 23:31:01 - ingestor - INFO - Fetching emails newer than 2025/08/05...
2025-08-05 23:31:02 - ingestor - INFO - Found 0 emails to process
2025-08-05 23:31:02 - ingestor - INFO - No new Gmail attachments to process
2025-08-05 23:31:12 - ingestor - INFO - Fetching emails newer than 2025/08/05...
2025-08-05 23:31:14 - ingestor - INFO - Found 0 emails to process
2025-08-05 23:31:14 - ingestor - INFO - No new Gmail attachments to process
2025-08-05 23:31:24 - ingestor - INFO - Fetching emails newer than 2025/08/05...
2025-08-05 23:31:26 - ingestor - INFO - Found 0 emails to process
2025-08-05 23:31:26 - ingestor - INFO - No new Gmail attachments to process
2025-08-05 23:31:36 - ingestor - INFO - Fetching emails newer than 2025/08/05...
2025-08-05 23:31:37 - ingestor - INFO - Found 0 emails to process
2025-08-05 23:31:37 - ingestor - INFO - No new Gmail attachments to process
2025-08-05 23:31:47 - ingestor - INFO - Fetching emails newer than 2025/08/05...
2025-08-05 23:31:49 - ingestor - INFO - Found 0 emails to process
2025-08-05 23:31:49 - ingestor - INFO - No new Gmail attachments to process
2025-08-05 23:31:59 - ingestor - INFO - Fetching emails newer than 2025/08/05...
2025-08-05 23:32:01 - ingestor - INFO - Found 0 emails to process
2025-08-05 23:32:01 - ingestor - INFO - No new Gmail attachments to process
2025-08-05 23:32:11 - ingestor - INFO - Fetching emails newer than 2025/08/05...
2025-08-05 23:32:12 - ingestor - INFO - Found 0 emails to process
2025-08-05 23:32:12 - ingestor - INFO - No new Gmail attachments to process
2025-08-05 23:32:22 - ingestor - INFO - Fetching emails newer than 2025/08/05...
2025-08-05 23:32:24 - ingestor - INFO - Found 0 emails to process
2025-08-05 23:32:24 - ingestor - INFO - No new Gmail attachments to process
2025-08-05 23:32:34 - ingestor - INFO - Fetching emails newer than 2025/08/05...
2025-08-05 23:32:36 - ingestor - INFO - Found 0 emails to process
2025-08-05 23:32:36 - ingestor - INFO - No new Gmail attachments to process
2025-08-05 23:32:46 - ingestor - INFO - Fetching emails newer than 2025/08/05...
2025-08-05 23:32:48 - ingestor - INFO - Found 0 emails to process
2025-08-05 23:32:48 - ingestor - INFO - No new Gmail attachments to process
2025-08-05 23:32:58 - ingestor - INFO - Fetching emails newer than 2025/08/05...
2025-08-05 23:33:00 - ingestor - INFO - Found 0 emails to process
2025-08-05 23:33:00 - ingestor - INFO - No new Gmail attachments to process
2025-08-05 23:33:10 - ingestor - INFO - Fetching emails newer than 2025/08/05...
2025-08-05 23:33:12 - ingestor - INFO - Found 0 emails to process
2025-08-05 23:33:12 - ingestor - INFO - No new Gmail attachments to process
2025-08-05 23:33:22 - ingestor - INFO - Fetching emails newer than 2025/08/05...
2025-08-05 23:33:23 - ingestor - INFO - Found 0 emails to process
2025-08-05 23:33:23 - ingestor - INFO - No new Gmail attachments to process
2025-08-05 23:33:33 - ingestor - INFO - Fetching emails newer than 2025/08/05...
2025-08-05 23:33:35 - ingestor - INFO - Found 0 emails to process
2025-08-05 23:33:35 - ingestor - INFO - No new Gmail attachments to process
2025-08-05 23:33:45 - ingestor - INFO - Fetching emails newer than 2025/08/05...
2025-08-05 23:33:47 - ingestor - INFO - Found 0 emails to process
2025-08-05 23:33:47 - ingestor - INFO - No new Gmail attachments to process
2025-08-05 23:33:57 - ingestor - INFO - Fetching emails newer than 2025/08/05...
2025-08-05 23:33:58 - ingestor - INFO - Found 0 emails to process
2025-08-05 23:33:58 - ingestor - INFO - No new Gmail attachments to process
2025-08-05 23:34:08 - ingestor - INFO - Fetching emails newer than 2025/08/05...
2025-08-05 23:34:10 - ingestor - INFO - Found 0 emails to process
2025-08-05 23:34:10 - ingestor - INFO - No new Gmail attachments to process
2025-08-05 23:34:20 - ingestor - INFO - Fetching emails newer than 2025/08/05...
2025-08-05 23:34:22 - ingestor - INFO - Found 0 emails to process
2025-08-05 23:34:22 - ingestor - INFO - No new Gmail attachments to process
2025-08-05 23:34:32 - ingestor - INFO - Fetching emails newer than 2025/08/05...
2025-08-05 23:34:34 - ingestor - INFO - Found 0 emails to process
2025-08-05 23:34:34 - ingestor - INFO - No new Gmail attachments to process
2025-08-05 23:34:44 - ingestor - INFO - Fetching emails newer than 2025/08/05...
2025-08-05 23:34:45 - ingestor - INFO - Found 0 emails to process
2025-08-05 23:34:45 - ingestor - INFO - No new Gmail attachments to process
2025-08-05 23:34:55 - ingestor - INFO - Fetching emails newer than 2025/08/05...
2025-08-05 23:34:58 - ingestor - INFO - Found 0 emails to process
2025-08-05 23:34:58 - ingestor - INFO - No new Gmail attachments to process
2025-08-05 23:35:08 - ingestor - INFO - Fetching emails newer than 2025/08/05...
2025-08-05 23:35:10 - ingestor - INFO - Found 0 emails to process
2025-08-05 23:35:10 - ingestor - INFO - No new Gmail attachments to process
2025-08-05 23:35:20 - ingestor - INFO - Fetching emails newer than 2025/08/05...
2025-08-05 23:35:22 - ingestor - INFO - Found 0 emails to process
2025-08-05 23:35:22 - ingestor - INFO - No new Gmail attachments to process
2025-08-05 23:35:32 - ingestor - INFO - Fetching emails newer than 2025/08/05...
2025-08-05 23:35:33 - ingestor - INFO - Found 0 emails to process
2025-08-05 23:35:33 - ingestor - INFO - No new Gmail attachments to process
2025-08-05 23:35:43 - ingestor - INFO - Fetching emails newer than 2025/08/05...
2025-08-05 23:35:45 - ingestor - INFO - Found 0 emails to process
2025-08-05 23:35:45 - ingestor - INFO - No new Gmail attachments to process
2025-08-05 23:35:55 - ingestor - INFO - Fetching emails newer than 2025/08/05...
2025-08-05 23:35:56 - ingestor - INFO - Found 0 emails to process
2025-08-05 23:35:56 - ingestor - INFO - No new Gmail attachments to process
2025-08-05 23:36:06 - ingestor - INFO - Fetching emails newer than 2025/08/05...
2025-08-05 23:36:08 - ingestor - INFO - Found 0 emails to process
2025-08-05 23:36:08 - ingestor - INFO - No new Gmail attachments to process
2025-08-05 23:36:18 - ingestor - INFO - Fetching emails newer than 2025/08/05...
2025-08-05 23:36:20 - ingestor - INFO - Found 0 emails to process
2025-08-05 23:36:20 - ingestor - INFO - No new Gmail attachments to process
2025-08-05 23:36:30 - ingestor - INFO - Fetching emails newer than 2025/08/05...
2025-08-05 23:36:32 - ingestor - INFO - Found 0 emails to process
2025-08-05 23:36:32 - ingestor - INFO - No new Gmail attachments to process
2025-08-05 23:36:42 - ingestor - INFO - Fetching emails newer than 2025/08/05...
2025-08-05 23:36:44 - ingestor - INFO - Found 0 emails to process
2025-08-05 23:36:44 - ingestor - INFO - No new Gmail attachments to process
2025-08-05 23:36:54 - ingestor - INFO - Fetching emails newer than 2025/08/05...
2025-08-05 23:36:55 - ingestor - INFO - Found 0 emails to process
2025-08-05 23:36:55 - ingestor - INFO - No new Gmail attachments to process
2025-08-05 23:37:05 - ingestor - INFO - Fetching emails newer than 2025/08/05...
2025-08-05 23:37:07 - ingestor - INFO - Found 0 emails to process
2025-08-05 23:37:07 - ingestor - INFO - No new Gmail attachments to process
2025-08-05 23:37:17 - ingestor - INFO - Fetching emails newer than 2025/08/05...
2025-08-05 23:37:19 - ingestor - INFO - Found 0 emails to process
2025-08-05 23:37:19 - ingestor - INFO - No new Gmail attachments to process
2025-08-05 23:37:29 - ingestor - INFO - Fetching emails newer than 2025/08/05...
2025-08-05 23:37:30 - ingestor - INFO - Found 0 emails to process
2025-08-05 23:37:30 - ingestor - INFO - No new Gmail attachments to process
2025-08-05 23:37:40 - ingestor - INFO - Fetching emails newer than 2025/08/05...
2025-08-05 23:37:42 - ingestor - INFO - Found 0 emails to process
2025-08-05 23:37:42 - ingestor - INFO - No new Gmail attachments to process
2025-08-05 23:37:53 - ingestor - INFO - Fetching emails newer than 2025/08/05...
2025-08-05 23:37:55 - ingestor - INFO - Found 0 emails to process
2025-08-05 23:37:55 - ingestor - INFO - No new Gmail attachments to process
2025-08-05 23:38:05 - ingestor - INFO - Fetching emails newer than 2025/08/05...
2025-08-05 23:38:07 - ingestor - INFO - Found 0 emails to process
2025-08-05 23:38:07 - ingestor - INFO - No new Gmail attachments to process
2025-08-05 23:38:17 - ingestor - INFO - Fetching emails newer than 2025/08/05...
2025-08-05 23:38:19 - ingestor - INFO - Found 0 emails to process
2025-08-05 23:38:19 - ingestor - INFO - No new Gmail attachments to process
2025-08-05 23:38:30 - ingestor - INFO - Fetching emails newer than 2025/08/05...
2025-08-05 23:38:32 - ingestor - INFO - Found 0 emails to process
2025-08-05 23:38:32 - ingestor - INFO - No new Gmail attachments to process
2025-08-05 23:38:42 - ingestor - INFO - Fetching emails newer than 2025/08/05...
2025-08-05 23:38:44 - ingestor - INFO - Found 0 emails to process
2025-08-05 23:38:44 - ingestor - INFO - No new Gmail attachments to process
2025-08-05 23:38:54 - ingestor - INFO - Fetching emails newer than 2025/08/05...
2025-08-05 23:38:55 - ingestor - INFO - Found 0 emails to process
2025-08-05 23:38:55 - ingestor - INFO - No new Gmail attachments to process
2025-08-05 23:39:06 - ingestor - INFO - Fetching emails newer than 2025/08/05...
2025-08-05 23:39:11 - ingestor - INFO - Found 0 emails to process
2025-08-05 23:39:11 - ingestor - INFO - No new Gmail attachments to process
2025-08-05 23:39:21 - ingestor - INFO - Fetching emails newer than 2025/08/05...
2025-08-05 23:39:23 - ingestor - INFO - Found 0 emails to process
2025-08-05 23:39:23 - ingestor - INFO - No new Gmail attachments to process
2025-08-05 23:39:33 - ingestor - INFO - Fetching emails newer than 2025/08/05...
2025-08-05 23:39:34 - ingestor - INFO - Found 0 emails to process
2025-08-05 23:39:34 - ingestor - INFO - No new Gmail attachments to process
2025-08-05 23:39:44 - ingestor - INFO - Fetching emails newer than 2025/08/05...
2025-08-05 23:39:46 - ingestor - INFO - Found 0 emails to process
2025-08-05 23:39:46 - ingestor - INFO - No new Gmail attachments to process
2025-08-05 23:39:56 - ingestor - INFO - Fetching emails newer than 2025/08/05...
2025-08-05 23:39:57 - ingestor - INFO - Found 0 emails to process
2025-08-05 23:39:57 - ingestor - INFO - No new Gmail attachments to process
2025-08-05 23:40:08 - ingestor - INFO - Fetching emails newer than 2025/08/05...
2025-08-05 23:40:09 - ingestor - INFO - Found 0 emails to process
2025-08-05 23:40:09 - ingestor - INFO - No new Gmail attachments to process
2025-08-05 23:40:20 - ingestor - INFO - Fetching emails newer than 2025/08/05...
2025-08-05 23:40:21 - ingestor - INFO - Found 0 emails to process
2025-08-05 23:40:21 - ingestor - INFO - No new Gmail attachments to process
2025-08-05 23:40:31 - ingestor - INFO - Fetching emails newer than 2025/08/05...
2025-08-05 23:40:33 - ingestor - INFO - Found 0 emails to process
2025-08-05 23:40:33 - ingestor - INFO - No new Gmail attachments to process
2025-08-05 23:40:43 - ingestor - INFO - Fetching emails newer than 2025/08/05...
2025-08-05 23:40:45 - ingestor - INFO - Found 0 emails to process
2025-08-05 23:40:45 - ingestor - INFO - No new Gmail attachments to process
2025-08-05 23:40:55 - ingestor - INFO - Fetching emails newer than 2025/08/05...
2025-08-05 23:40:56 - ingestor - INFO - Found 0 emails to process
2025-08-05 23:40:56 - ingestor - INFO - No new Gmail attachments to process
2025-08-05 23:41:07 - ingestor - INFO - Fetching emails newer than 2025/08/05...
2025-08-05 23:41:08 - ingestor - INFO - Found 0 emails to process
2025-08-05 23:41:08 - ingestor - INFO - No new Gmail attachments to process
2025-08-05 23:41:15 - ingestor - INFO - Kafka producer initialized successfully
2025-08-05 23:41:15 - ingestor - INFO - Starting Document Ingestor Service...
2025-08-05 23:41:15 - ingestor - INFO - File watcher started monitoring: D:\Langs\Team_Docs\Local working prototype\Document-Ingestion-and-Classification\Backend\ingestor\uploads
2025-08-05 23:41:15 - ingestor - INFO - Gmail monitor started
2025-08-05 23:41:15 - ingestor - INFO - Gmail monitoring enabled (check interval: 10s)
2025-08-05 23:41:15 - ingestor - INFO - Starting web server on port 5000...
2025-08-05 23:41:15 - ingestor - INFO - Fetching emails newer than 2025/08/05...
2025-08-05 23:41:17 - ingestor - INFO - Found 0 emails to process
2025-08-05 23:41:17 - ingestor - INFO - No new Gmail attachments to process
2025-08-06 09:16:55 - ingestor - INFO - Kafka producer initialized successfully
2025-08-06 09:16:55 - ingestor - INFO - Starting Document Ingestor Service...
2025-08-06 09:16:55 - ingestor - INFO - File watcher started monitoring: D:\Langs\Team_Docs\Local working prototype\Document-Ingestion-and-Classification\backend\ingestor\uploads
2025-08-06 09:16:55 - ingestor - INFO - Gmail monitor started
2025-08-06 09:16:55 - ingestor - INFO - Gmail monitoring enabled (check interval: 10s)
2025-08-06 09:16:55 - ingestor - INFO - Starting web server on port 5000...
2025-08-06 09:16:55 - ingestor - INFO - Starting Gmail OAuth authentication flow...
