2025-08-04 14:02:56 - main - INFO - Initializing Kafka infrastructure...
2025-08-04 14:02:56 - main - INFO - Starting all microservices...
2025-08-04 14:02:56 - main - INFO - Ingestor started via main.py
2025-08-04 14:02:56 - main - INFO - Extractor started via main.py
2025-08-04 14:02:56 - main - INFO - All services started. System is running...
2025-08-04 14:02:56 - main - INFO - Web App API started via main.py
2025-08-04 14:02:56 - main - INFO - Classifier started via main.py
2025-08-04 14:02:56 - main - INFO - Router started via main.py
2025-08-04 14:22:18 - main - INFO - Initializing Kafka infrastructure...
2025-08-04 14:24:05 - main - INFO - Initializing Kafka infrastructure...
2025-08-04 14:24:05 - main - INFO - Starting all microservices...
2025-08-04 14:24:05 - main - INFO - Unified Ingestor started via main.py
2025-08-04 14:24:05 - main - INFO - Extractor started via main.py
2025-08-04 14:24:05 - main - INFO - All services started. System is running...
2025-08-04 14:24:05 - main - INFO - Classifier started via main.py
2025-08-04 14:24:05 - main - INFO - Router started via main.py
2025-08-04 18:37:53 - main - INFO - Initializing Kafka infrastructure...
2025-08-04 18:37:53 - main - WARNING - Kafka not available: [Error 36] TopicAlreadyExistsError: Request 'CreateTopicsRequest_v3(create_topic_requests=[(topic='doc.ingested', num_partitions=1, replication_factor=1, replica_assignment=[], configs=[]), (topic='doc.extracted', num_partitions=1, replication_factor=1, replica_assignment=[], configs=[]), (topic='doc.classified', num_partitions=1, replication_factor=1, replica_assignment=[], configs=[]), (topic='doc.routed', num_partitions=1, replication_factor=1, replica_assignment=[], configs=[])], timeout=30000, validate_only=False)' failed with response 'CreateTopicsResponse_v3(throttle_time_ms=0, topic_errors=[(topic='doc.ingested', error_code=36, error_message="Topic 'doc.ingested' already exists."), (topic='doc.extracted', error_code=36, error_message="Topic 'doc.extracted' already exists."), (topic='doc.classified', error_code=36, error_message="Topic 'doc.classified' already exists."), (topic='doc.routed', error_code=36, error_message="Topic 'doc.routed' already exists.")])'.
2025-08-04 18:37:53 - main - INFO - System will continue without Kafka setup
2025-08-04 18:37:53 - main - INFO - Starting all microservices...
2025-08-04 18:37:53 - main - INFO - Unified Ingestor started via main.py
2025-08-04 18:37:53 - main - INFO - Extractor started via main.py
2025-08-04 18:37:53 - main - INFO - All services started. System is running...
2025-08-04 18:37:53 - main - INFO - Classifier started via main.py
2025-08-04 18:37:53 - main - INFO - Router started via main.py
2025-08-04 18:40:37 - main - INFO - Initializing Kafka infrastructure...
2025-08-04 18:40:37 - main - WARNING - Kafka not available: [Error 36] TopicAlreadyExistsError: Request 'CreateTopicsRequest_v3(create_topic_requests=[(topic='doc.ingested', num_partitions=1, replication_factor=1, replica_assignment=[], configs=[]), (topic='doc.extracted', num_partitions=1, replication_factor=1, replica_assignment=[], configs=[]), (topic='doc.classified', num_partitions=1, replication_factor=1, replica_assignment=[], configs=[]), (topic='doc.routed', num_partitions=1, replication_factor=1, replica_assignment=[], configs=[])], timeout=30000, validate_only=False)' failed with response 'CreateTopicsResponse_v3(throttle_time_ms=0, topic_errors=[(topic='doc.ingested', error_code=36, error_message="Topic 'doc.ingested' already exists."), (topic='doc.extracted', error_code=36, error_message="Topic 'doc.extracted' already exists."), (topic='doc.classified', error_code=36, error_message="Topic 'doc.classified' already exists."), (topic='doc.routed', error_code=36, error_message="Topic 'doc.routed' already exists.")])'.
2025-08-04 18:40:37 - main - INFO - System will continue without Kafka setup
2025-08-04 18:40:37 - main - INFO - Starting all microservices...
2025-08-04 18:40:37 - main - INFO - Unified Ingestor started via main.py
2025-08-04 18:40:37 - main - INFO - Extractor started via main.py
2025-08-04 18:40:38 - main - INFO - All services started. System is running...
2025-08-04 18:40:38 - main - INFO - Classifier started via main.py
2025-08-04 18:40:38 - main - INFO - Router started via main.py
2025-08-04 18:43:39 - main - INFO - Initializing Kafka infrastructure...
2025-08-04 18:43:39 - main - WARNING - Kafka not available: [Error 36] TopicAlreadyExistsError: Request 'CreateTopicsRequest_v3(create_topic_requests=[(topic='doc.ingested', num_partitions=1, replication_factor=1, replica_assignment=[], configs=[]), (topic='doc.extracted', num_partitions=1, replication_factor=1, replica_assignment=[], configs=[]), (topic='doc.classified', num_partitions=1, replication_factor=1, replica_assignment=[], configs=[]), (topic='doc.routed', num_partitions=1, replication_factor=1, replica_assignment=[], configs=[])], timeout=30000, validate_only=False)' failed with response 'CreateTopicsResponse_v3(throttle_time_ms=0, topic_errors=[(topic='doc.ingested', error_code=36, error_message="Topic 'doc.ingested' already exists."), (topic='doc.extracted', error_code=36, error_message="Topic 'doc.extracted' already exists."), (topic='doc.classified', error_code=36, error_message="Topic 'doc.classified' already exists."), (topic='doc.routed', error_code=36, error_message="Topic 'doc.routed' already exists.")])'.
2025-08-04 18:43:39 - main - INFO - System will continue without Kafka setup
2025-08-04 18:43:39 - main - INFO - Starting all microservices...
2025-08-04 18:43:39 - main - INFO - Unified Ingestor started via main.py
2025-08-04 18:43:39 - main - INFO - Extractor started via main.py
2025-08-04 18:43:39 - main - INFO - Classifier started via main.py
2025-08-04 18:43:39 - main - INFO - Router started via main.py
2025-08-04 18:43:39 - main - INFO - All services started. System is running...
2025-08-04 18:44:08 - main - INFO - Initializing Kafka infrastructure...
2025-08-04 18:44:08 - main - WARNING - Kafka not available: [Error 36] TopicAlreadyExistsError: Request 'CreateTopicsRequest_v3(create_topic_requests=[(topic='doc.ingested', num_partitions=1, replication_factor=1, replica_assignment=[], configs=[]), (topic='doc.extracted', num_partitions=1, replication_factor=1, replica_assignment=[], configs=[]), (topic='doc.classified', num_partitions=1, replication_factor=1, replica_assignment=[], configs=[]), (topic='doc.routed', num_partitions=1, replication_factor=1, replica_assignment=[], configs=[])], timeout=30000, validate_only=False)' failed with response 'CreateTopicsResponse_v3(throttle_time_ms=0, topic_errors=[(topic='doc.ingested', error_code=36, error_message="Topic 'doc.ingested' already exists."), (topic='doc.extracted', error_code=36, error_message="Topic 'doc.extracted' already exists."), (topic='doc.classified', error_code=36, error_message="Topic 'doc.classified' already exists."), (topic='doc.routed', error_code=36, error_message="Topic 'doc.routed' already exists.")])'.
2025-08-04 18:44:08 - main - INFO - System will continue without Kafka setup
2025-08-04 18:44:08 - main - INFO - Starting all microservices...
2025-08-04 18:44:08 - main - INFO - Unified Ingestor started via main.py
2025-08-04 18:44:08 - main - INFO - Extractor started via main.py
2025-08-04 18:44:08 - main - INFO - Classifier started via main.py
2025-08-04 18:44:08 - main - INFO - All services started. System is running...
2025-08-04 18:44:08 - main - INFO - Router started via main.py
2025-08-04 18:46:58 - main - INFO - Initializing Kafka infrastructure...
2025-08-04 18:46:58 - main - WARNING - Kafka not available: [Error 36] TopicAlreadyExistsError: Request 'CreateTopicsRequest_v3(create_topic_requests=[(topic='doc.ingested', num_partitions=1, replication_factor=1, replica_assignment=[], configs=[]), (topic='doc.extracted', num_partitions=1, replication_factor=1, replica_assignment=[], configs=[]), (topic='doc.classified', num_partitions=1, replication_factor=1, replica_assignment=[], configs=[]), (topic='doc.routed', num_partitions=1, replication_factor=1, replica_assignment=[], configs=[])], timeout=30000, validate_only=False)' failed with response 'CreateTopicsResponse_v3(throttle_time_ms=0, topic_errors=[(topic='doc.ingested', error_code=36, error_message="Topic 'doc.ingested' already exists."), (topic='doc.extracted', error_code=36, error_message="Topic 'doc.extracted' already exists."), (topic='doc.classified', error_code=36, error_message="Topic 'doc.classified' already exists."), (topic='doc.routed', error_code=36, error_message="Topic 'doc.routed' already exists.")])'.
2025-08-04 18:46:58 - main - INFO - System will continue without Kafka setup
2025-08-04 18:46:58 - main - INFO - Starting all microservices...
2025-08-04 18:46:58 - main - INFO - Unified Ingestor started via main.py
2025-08-04 18:46:58 - main - INFO - Extractor started via main.py
2025-08-04 18:46:58 - main - INFO - All services started. System is running...
2025-08-04 18:46:58 - main - INFO - Classifier started via main.py
2025-08-04 18:46:58 - main - INFO - Router started via main.py
2025-08-04 19:05:50 - main - INFO - Initializing Kafka infrastructure...
2025-08-04 19:05:50 - main - WARNING - Kafka not available: [Error 36] TopicAlreadyExistsError: Request 'CreateTopicsRequest_v3(create_topic_requests=[(topic='doc.ingested', num_partitions=1, replication_factor=1, replica_assignment=[], configs=[]), (topic='doc.extracted', num_partitions=1, replication_factor=1, replica_assignment=[], configs=[]), (topic='doc.classified', num_partitions=1, replication_factor=1, replica_assignment=[], configs=[]), (topic='doc.routed', num_partitions=1, replication_factor=1, replica_assignment=[], configs=[])], timeout=30000, validate_only=False)' failed with response 'CreateTopicsResponse_v3(throttle_time_ms=0, topic_errors=[(topic='doc.ingested', error_code=36, error_message="Topic 'doc.ingested' already exists."), (topic='doc.extracted', error_code=36, error_message="Topic 'doc.extracted' already exists."), (topic='doc.classified', error_code=36, error_message="Topic 'doc.classified' already exists."), (topic='doc.routed', error_code=36, error_message="Topic 'doc.routed' already exists.")])'.
2025-08-04 19:05:50 - main - INFO - System will continue without Kafka setup
2025-08-04 19:05:50 - main - INFO - Starting all microservices...
2025-08-04 19:05:50 - main - INFO - Unified Ingestor started via main.py
2025-08-04 19:05:50 - main - INFO - Extractor started via main.py
2025-08-04 19:05:50 - main - INFO - Classifier started via main.py
2025-08-04 19:05:50 - main - INFO - All services started. System is running...
2025-08-04 19:05:50 - main - INFO - Router started via main.py
2025-08-04 19:06:23 - main - INFO - Initializing Kafka infrastructure...
2025-08-04 19:06:23 - main - WARNING - Kafka not available: [Error 36] TopicAlreadyExistsError: Request 'CreateTopicsRequest_v3(create_topic_requests=[(topic='doc.ingested', num_partitions=1, replication_factor=1, replica_assignment=[], configs=[]), (topic='doc.extracted', num_partitions=1, replication_factor=1, replica_assignment=[], configs=[]), (topic='doc.classified', num_partitions=1, replication_factor=1, replica_assignment=[], configs=[]), (topic='doc.routed', num_partitions=1, replication_factor=1, replica_assignment=[], configs=[])], timeout=30000, validate_only=False)' failed with response 'CreateTopicsResponse_v3(throttle_time_ms=0, topic_errors=[(topic='doc.ingested', error_code=36, error_message="Topic 'doc.ingested' already exists."), (topic='doc.extracted', error_code=36, error_message="Topic 'doc.extracted' already exists."), (topic='doc.classified', error_code=36, error_message="Topic 'doc.classified' already exists."), (topic='doc.routed', error_code=36, error_message="Topic 'doc.routed' already exists.")])'.
2025-08-04 19:06:23 - main - INFO - System will continue without Kafka setup
2025-08-04 19:06:23 - main - INFO - Starting all microservices...
2025-08-04 19:06:23 - main - INFO - Unified Ingestor started via main.py
2025-08-04 19:06:23 - main - INFO - Extractor started via main.py
2025-08-04 19:06:23 - main - INFO - Classifier started via main.py
2025-08-04 19:06:23 - main - INFO - All services started. System is running...
2025-08-04 19:06:23 - main - INFO - Router started via main.py
2025-08-04 19:09:06 - main - INFO - Initializing Kafka infrastructure...
2025-08-04 19:09:06 - main - WARNING - Kafka not available: [Error 36] TopicAlreadyExistsError: Request 'CreateTopicsRequest_v3(create_topic_requests=[(topic='doc.ingested', num_partitions=1, replication_factor=1, replica_assignment=[], configs=[]), (topic='doc.extracted', num_partitions=1, replication_factor=1, replica_assignment=[], configs=[]), (topic='doc.classified', num_partitions=1, replication_factor=1, replica_assignment=[], configs=[]), (topic='doc.routed', num_partitions=1, replication_factor=1, replica_assignment=[], configs=[])], timeout=30000, validate_only=False)' failed with response 'CreateTopicsResponse_v3(throttle_time_ms=0, topic_errors=[(topic='doc.ingested', error_code=36, error_message="Topic 'doc.ingested' already exists."), (topic='doc.extracted', error_code=36, error_message="Topic 'doc.extracted' already exists."), (topic='doc.classified', error_code=36, error_message="Topic 'doc.classified' already exists."), (topic='doc.routed', error_code=36, error_message="Topic 'doc.routed' already exists.")])'.
2025-08-04 19:09:06 - main - INFO - System will continue without Kafka setup
2025-08-04 19:09:06 - main - INFO - Starting all microservices...
2025-08-04 19:09:06 - main - INFO - Unified Ingestor started via main.py
2025-08-04 19:09:06 - main - INFO - Extractor started via main.py
2025-08-04 19:09:06 - main - INFO - All services started. System is running...
2025-08-04 19:09:06 - main - INFO - Classifier started via main.py
2025-08-04 19:09:06 - main - INFO - Router started via main.py
2025-08-04 19:09:50 - main - INFO - Initializing Kafka infrastructure...
2025-08-04 19:09:50 - main - WARNING - Kafka not available: [Error 36] TopicAlreadyExistsError: Request 'CreateTopicsRequest_v3(create_topic_requests=[(topic='doc.ingested', num_partitions=1, replication_factor=1, replica_assignment=[], configs=[]), (topic='doc.extracted', num_partitions=1, replication_factor=1, replica_assignment=[], configs=[]), (topic='doc.classified', num_partitions=1, replication_factor=1, replica_assignment=[], configs=[]), (topic='doc.routed', num_partitions=1, replication_factor=1, replica_assignment=[], configs=[])], timeout=30000, validate_only=False)' failed with response 'CreateTopicsResponse_v3(throttle_time_ms=0, topic_errors=[(topic='doc.ingested', error_code=36, error_message="Topic 'doc.ingested' already exists."), (topic='doc.extracted', error_code=36, error_message="Topic 'doc.extracted' already exists."), (topic='doc.classified', error_code=36, error_message="Topic 'doc.classified' already exists."), (topic='doc.routed', error_code=36, error_message="Topic 'doc.routed' already exists.")])'.
2025-08-04 19:09:50 - main - INFO - System will continue without Kafka setup
2025-08-04 19:09:50 - main - INFO - Starting all microservices...
2025-08-04 19:09:50 - main - INFO - Unified Ingestor started via main.py
2025-08-04 19:09:50 - main - INFO - Extractor started via main.py
2025-08-04 19:09:50 - main - INFO - All services started. System is running...
2025-08-04 19:09:50 - main - INFO - Classifier started via main.py
2025-08-04 19:09:50 - main - INFO - Router started via main.py
2025-08-04 19:20:12 - main - INFO - Initializing Kafka infrastructure...
2025-08-04 19:20:13 - main - WARNING - Kafka not available: [Error 36] TopicAlreadyExistsError: Request 'CreateTopicsRequest_v3(create_topic_requests=[(topic='doc.ingested', num_partitions=1, replication_factor=1, replica_assignment=[], configs=[]), (topic='doc.extracted', num_partitions=1, replication_factor=1, replica_assignment=[], configs=[]), (topic='doc.classified', num_partitions=1, replication_factor=1, replica_assignment=[], configs=[]), (topic='doc.routed', num_partitions=1, replication_factor=1, replica_assignment=[], configs=[])], timeout=30000, validate_only=False)' failed with response 'CreateTopicsResponse_v3(throttle_time_ms=0, topic_errors=[(topic='doc.ingested', error_code=36, error_message="Topic 'doc.ingested' already exists."), (topic='doc.extracted', error_code=36, error_message="Topic 'doc.extracted' already exists."), (topic='doc.classified', error_code=36, error_message="Topic 'doc.classified' already exists."), (topic='doc.routed', error_code=36, error_message="Topic 'doc.routed' already exists.")])'.
2025-08-04 19:20:13 - main - INFO - System will continue without Kafka setup
2025-08-04 19:20:13 - main - INFO - Starting all microservices...
2025-08-04 19:20:13 - main - INFO - Unified Ingestor started via main.py
2025-08-04 19:20:13 - main - INFO - Extractor started via main.py
2025-08-04 19:20:13 - main - INFO - Classifier started via main.py
2025-08-04 19:20:13 - main - INFO - All services started. System is running...
2025-08-04 19:20:13 - main - INFO - Router started via main.py
2025-08-04 19:20:42 - main - INFO - Initializing Kafka infrastructure...
2025-08-04 19:20:42 - main - WARNING - Kafka not available: [Error 36] TopicAlreadyExistsError: Request 'CreateTopicsRequest_v3(create_topic_requests=[(topic='doc.ingested', num_partitions=1, replication_factor=1, replica_assignment=[], configs=[]), (topic='doc.extracted', num_partitions=1, replication_factor=1, replica_assignment=[], configs=[]), (topic='doc.classified', num_partitions=1, replication_factor=1, replica_assignment=[], configs=[]), (topic='doc.routed', num_partitions=1, replication_factor=1, replica_assignment=[], configs=[])], timeout=30000, validate_only=False)' failed with response 'CreateTopicsResponse_v3(throttle_time_ms=0, topic_errors=[(topic='doc.ingested', error_code=36, error_message="Topic 'doc.ingested' already exists."), (topic='doc.extracted', error_code=36, error_message="Topic 'doc.extracted' already exists."), (topic='doc.classified', error_code=36, error_message="Topic 'doc.classified' already exists."), (topic='doc.routed', error_code=36, error_message="Topic 'doc.routed' already exists.")])'.
2025-08-04 19:20:42 - main - INFO - System will continue without Kafka setup
2025-08-04 19:20:42 - main - INFO - Starting all microservices...
2025-08-04 19:20:42 - main - INFO - Unified Ingestor started via main.py
2025-08-04 19:20:42 - main - INFO - All services started. System is running...
2025-08-04 19:20:42 - main - INFO - Extractor started via main.py
2025-08-04 19:20:42 - main - INFO - Router started via main.py
2025-08-04 19:20:42 - main - INFO - Classifier started via main.py
2025-08-04 19:25:50 - main - INFO - Initializing Kafka infrastructure...
2025-08-04 19:25:50 - main - WARNING - Kafka not available: [Error 36] TopicAlreadyExistsError: Request 'CreateTopicsRequest_v3(create_topic_requests=[(topic='doc.ingested', num_partitions=1, replication_factor=1, replica_assignment=[], configs=[]), (topic='doc.extracted', num_partitions=1, replication_factor=1, replica_assignment=[], configs=[]), (topic='doc.classified', num_partitions=1, replication_factor=1, replica_assignment=[], configs=[]), (topic='doc.routed', num_partitions=1, replication_factor=1, replica_assignment=[], configs=[])], timeout=30000, validate_only=False)' failed with response 'CreateTopicsResponse_v3(throttle_time_ms=0, topic_errors=[(topic='doc.ingested', error_code=36, error_message="Topic 'doc.ingested' already exists."), (topic='doc.extracted', error_code=36, error_message="Topic 'doc.extracted' already exists."), (topic='doc.classified', error_code=36, error_message="Topic 'doc.classified' already exists."), (topic='doc.routed', error_code=36, error_message="Topic 'doc.routed' already exists.")])'.
2025-08-04 19:25:50 - main - INFO - System will continue without Kafka setup
2025-08-04 19:25:50 - main - INFO - Starting all microservices...
2025-08-04 19:25:50 - main - INFO - Unified Ingestor started via main.py
2025-08-04 19:25:50 - main - INFO - Extractor started via main.py
2025-08-04 19:25:50 - main - INFO - Classifier started via main.py
2025-08-04 19:25:50 - main - INFO - All services started. System is running...
2025-08-04 19:25:50 - main - INFO - Router started via main.py
2025-08-04 19:26:08 - main - INFO - Initializing Kafka infrastructure...
2025-08-04 19:26:08 - main - WARNING - Kafka not available: [Error 36] TopicAlreadyExistsError: Request 'CreateTopicsRequest_v3(create_topic_requests=[(topic='doc.ingested', num_partitions=1, replication_factor=1, replica_assignment=[], configs=[]), (topic='doc.extracted', num_partitions=1, replication_factor=1, replica_assignment=[], configs=[]), (topic='doc.classified', num_partitions=1, replication_factor=1, replica_assignment=[], configs=[]), (topic='doc.routed', num_partitions=1, replication_factor=1, replica_assignment=[], configs=[])], timeout=30000, validate_only=False)' failed with response 'CreateTopicsResponse_v3(throttle_time_ms=0, topic_errors=[(topic='doc.ingested', error_code=36, error_message="Topic 'doc.ingested' already exists."), (topic='doc.extracted', error_code=36, error_message="Topic 'doc.extracted' already exists."), (topic='doc.classified', error_code=36, error_message="Topic 'doc.classified' already exists."), (topic='doc.routed', error_code=36, error_message="Topic 'doc.routed' already exists.")])'.
2025-08-04 19:26:08 - main - INFO - System will continue without Kafka setup
2025-08-04 19:26:08 - main - INFO - Starting all microservices...
2025-08-04 19:26:08 - main - INFO - Unified Ingestor started via main.py
2025-08-04 19:26:08 - main - INFO - Extractor started via main.py
2025-08-04 19:26:08 - main - INFO - Classifier started via main.py
2025-08-04 19:26:08 - main - INFO - All services started. System is running...
2025-08-04 19:26:08 - main - INFO - Router started via main.py
2025-08-04 19:26:50 - main - INFO - Initializing Kafka infrastructure...
2025-08-04 19:26:50 - main - WARNING - Kafka not available: [Error 36] TopicAlreadyExistsError: Request 'CreateTopicsRequest_v3(create_topic_requests=[(topic='doc.ingested', num_partitions=1, replication_factor=1, replica_assignment=[], configs=[]), (topic='doc.extracted', num_partitions=1, replication_factor=1, replica_assignment=[], configs=[]), (topic='doc.classified', num_partitions=1, replication_factor=1, replica_assignment=[], configs=[]), (topic='doc.routed', num_partitions=1, replication_factor=1, replica_assignment=[], configs=[])], timeout=30000, validate_only=False)' failed with response 'CreateTopicsResponse_v3(throttle_time_ms=0, topic_errors=[(topic='doc.ingested', error_code=36, error_message="Topic 'doc.ingested' already exists."), (topic='doc.extracted', error_code=36, error_message="Topic 'doc.extracted' already exists."), (topic='doc.classified', error_code=36, error_message="Topic 'doc.classified' already exists."), (topic='doc.routed', error_code=36, error_message="Topic 'doc.routed' already exists.")])'.
2025-08-04 19:26:50 - main - INFO - System will continue without Kafka setup
2025-08-04 19:26:50 - main - INFO - Starting all microservices...
2025-08-04 19:26:50 - main - INFO - Unified Ingestor started via main.py
2025-08-04 19:26:50 - main - INFO - All services started. System is running...
2025-08-04 19:26:50 - main - INFO - Classifier started via main.py
2025-08-04 19:26:50 - main - INFO - Router started via main.py
2025-08-04 19:26:50 - main - INFO - Extractor started via main.py
2025-08-04 19:30:52 - main - INFO - Initializing Kafka infrastructure...
2025-08-04 19:30:52 - main - WARNING - Kafka not available: [Error 36] TopicAlreadyExistsError: Request 'CreateTopicsRequest_v3(create_topic_requests=[(topic='doc.ingested', num_partitions=1, replication_factor=1, replica_assignment=[], configs=[]), (topic='doc.extracted', num_partitions=1, replication_factor=1, replica_assignment=[], configs=[]), (topic='doc.classified', num_partitions=1, replication_factor=1, replica_assignment=[], configs=[]), (topic='doc.routed', num_partitions=1, replication_factor=1, replica_assignment=[], configs=[])], timeout=30000, validate_only=False)' failed with response 'CreateTopicsResponse_v3(throttle_time_ms=0, topic_errors=[(topic='doc.ingested', error_code=36, error_message="Topic 'doc.ingested' already exists."), (topic='doc.extracted', error_code=36, error_message="Topic 'doc.extracted' already exists."), (topic='doc.classified', error_code=36, error_message="Topic 'doc.classified' already exists."), (topic='doc.routed', error_code=36, error_message="Topic 'doc.routed' already exists.")])'.
2025-08-04 19:30:52 - main - INFO - System will continue without Kafka setup
2025-08-04 19:30:52 - main - INFO - Starting all microservices...
2025-08-04 19:30:52 - main - INFO - Unified Ingestor started via main.py
2025-08-04 19:30:52 - main - INFO - All services started. System is running...
2025-08-04 19:30:52 - main - INFO - Classifier started via main.py
2025-08-04 19:30:52 - main - INFO - Extractor started via main.py
2025-08-04 19:30:52 - main - INFO - Router started via main.py
2025-08-04 19:32:40 - main - INFO - Initializing Kafka infrastructure...
2025-08-04 19:32:40 - main - WARNING - Kafka not available: [Error 36] TopicAlreadyExistsError: Request 'CreateTopicsRequest_v3(create_topic_requests=[(topic='doc.ingested', num_partitions=1, replication_factor=1, replica_assignment=[], configs=[]), (topic='doc.extracted', num_partitions=1, replication_factor=1, replica_assignment=[], configs=[]), (topic='doc.classified', num_partitions=1, replication_factor=1, replica_assignment=[], configs=[]), (topic='doc.routed', num_partitions=1, replication_factor=1, replica_assignment=[], configs=[])], timeout=30000, validate_only=False)' failed with response 'CreateTopicsResponse_v3(throttle_time_ms=0, topic_errors=[(topic='doc.ingested', error_code=36, error_message="Topic 'doc.ingested' already exists."), (topic='doc.extracted', error_code=36, error_message="Topic 'doc.extracted' already exists."), (topic='doc.classified', error_code=36, error_message="Topic 'doc.classified' already exists."), (topic='doc.routed', error_code=36, error_message="Topic 'doc.routed' already exists.")])'.
2025-08-04 19:32:40 - main - INFO - System will continue without Kafka setup
2025-08-04 19:32:40 - main - INFO - Starting all microservices...
2025-08-04 19:32:40 - main - INFO - Unified Ingestor started via main.py
2025-08-04 19:32:40 - main - INFO - All services started. System is running...
2025-08-04 19:32:40 - main - INFO - Extractor started via main.py
2025-08-04 19:32:40 - main - INFO - Router started via main.py
2025-08-04 19:32:40 - main - INFO - Classifier started via main.py
2025-08-04 22:06:34 - main - INFO - Initializing Kafka infrastructure...
2025-08-04 22:06:34 - main - WARNING - Kafka not available: [Error 36] TopicAlreadyExistsError: Request 'CreateTopicsRequest_v3(create_topic_requests=[(topic='doc.ingested', num_partitions=1, replication_factor=1, replica_assignment=[], configs=[]), (topic='doc.extracted', num_partitions=1, replication_factor=1, replica_assignment=[], configs=[]), (topic='doc.classified', num_partitions=1, replication_factor=1, replica_assignment=[], configs=[]), (topic='doc.routed', num_partitions=1, replication_factor=1, replica_assignment=[], configs=[])], timeout=30000, validate_only=False)' failed with response 'CreateTopicsResponse_v3(throttle_time_ms=0, topic_errors=[(topic='doc.ingested', error_code=36, error_message="Topic 'doc.ingested' already exists."), (topic='doc.extracted', error_code=36, error_message="Topic 'doc.extracted' already exists."), (topic='doc.classified', error_code=36, error_message="Topic 'doc.classified' already exists."), (topic='doc.routed', error_code=36, error_message="Topic 'doc.routed' already exists.")])'.
2025-08-04 22:06:34 - main - INFO - System will continue without Kafka setup
2025-08-04 22:06:34 - main - INFO - Starting all microservices...
2025-08-04 22:06:34 - main - INFO - Unified Ingestor started via main.py
2025-08-04 22:06:34 - main - INFO - Extractor started via main.py
2025-08-04 22:06:34 - main - INFO - All services started. System is running...
2025-08-04 22:06:34 - main - INFO - Classifier started via main.py
2025-08-04 22:06:34 - main - INFO - Router started via main.py
2025-08-04 22:15:35 - main - INFO - Initializing Kafka infrastructure...
2025-08-04 22:15:35 - main - WARNING - Kafka not available: [Error 36] TopicAlreadyExistsError: Request 'CreateTopicsRequest_v3(create_topic_requests=[(topic='doc.ingested', num_partitions=1, replication_factor=1, replica_assignment=[], configs=[]), (topic='doc.extracted', num_partitions=1, replication_factor=1, replica_assignment=[], configs=[]), (topic='doc.classified', num_partitions=1, replication_factor=1, replica_assignment=[], configs=[]), (topic='doc.routed', num_partitions=1, replication_factor=1, replica_assignment=[], configs=[])], timeout=30000, validate_only=False)' failed with response 'CreateTopicsResponse_v3(throttle_time_ms=0, topic_errors=[(topic='doc.ingested', error_code=36, error_message="Topic 'doc.ingested' already exists."), (topic='doc.extracted', error_code=36, error_message="Topic 'doc.extracted' already exists."), (topic='doc.classified', error_code=36, error_message="Topic 'doc.classified' already exists."), (topic='doc.routed', error_code=36, error_message="Topic 'doc.routed' already exists.")])'.
2025-08-04 22:15:35 - main - INFO - System will continue without Kafka setup
2025-08-04 22:15:35 - main - INFO - Starting all microservices...
2025-08-04 22:15:35 - main - INFO - Unified Ingestor started via main.py
2025-08-04 22:15:35 - main - INFO - Extractor started via main.py
2025-08-04 22:15:35 - main - INFO - All services started. System is running...
2025-08-04 22:15:35 - main - INFO - Classifier started via main.py
2025-08-04 22:15:35 - main - INFO - Router started via main.py
2025-08-05 08:13:59 - main - INFO - Initializing Kafka infrastructure...
2025-08-05 08:14:01 - main - WARNING - Kafka not available: NoBrokersAvailable
2025-08-05 08:14:01 - main - INFO - System will continue without Kafka setup
2025-08-05 08:14:01 - main - INFO - Starting all microservices...
2025-08-05 08:14:01 - main - INFO - Unified Ingestor started via main.py
2025-08-05 08:14:01 - main - INFO - Extractor started via main.py
2025-08-05 08:14:01 - main - INFO - Classifier started via main.py
2025-08-05 08:14:01 - main - INFO - All services started. System is running...
2025-08-05 08:14:01 - main - INFO - Router started via main.py
2025-08-05 08:46:33 - main - INFO - Initializing Kafka infrastructure...
2025-08-05 08:46:33 - main - WARNING - Kafka not available: 'CreateTopicsResponse_v3' object has no attribute 'items'
2025-08-05 08:46:33 - main - INFO - System will continue without Kafka setup
2025-08-05 08:46:33 - main - INFO - Starting all microservices...
2025-08-05 08:46:33 - main - INFO - Unified Ingestor started via main.py
2025-08-05 08:46:33 - main - INFO - Extractor started via main.py
2025-08-05 08:46:33 - main - INFO - All services started. System is running...
2025-08-05 08:46:33 - main - INFO - Classifier started via main.py
2025-08-05 08:46:33 - main - INFO - Router started via main.py
2025-08-05 09:03:48 - main - INFO - Initializing Kafka infrastructure...
2025-08-05 09:03:48 - main - WARNING - Kafka not available: [Error 36] TopicAlreadyExistsError: Request 'CreateTopicsRequest_v3(create_topic_requests=[(topic='doc.ingested', num_partitions=1, replication_factor=1, replica_assignment=[], configs=[]), (topic='doc.extracted', num_partitions=1, replication_factor=1, replica_assignment=[], configs=[]), (topic='doc.classified', num_partitions=1, replication_factor=1, replica_assignment=[], configs=[]), (topic='doc.routed', num_partitions=1, replication_factor=1, replica_assignment=[], configs=[])], timeout=30000, validate_only=False)' failed with response 'CreateTopicsResponse_v3(throttle_time_ms=0, topic_errors=[(topic='doc.ingested', error_code=36, error_message="Topic 'doc.ingested' already exists."), (topic='doc.extracted', error_code=36, error_message="Topic 'doc.extracted' already exists."), (topic='doc.classified', error_code=36, error_message="Topic 'doc.classified' already exists."), (topic='doc.routed', error_code=36, error_message="Topic 'doc.routed' already exists.")])'.
2025-08-05 09:03:48 - main - INFO - System will continue without Kafka setup
2025-08-05 09:03:48 - main - INFO - Starting all microservices...
2025-08-05 09:03:48 - main - INFO - Unified Ingestor started via main.py
2025-08-05 09:03:48 - main - INFO - Extractor started via main.py
2025-08-05 09:03:48 - main - INFO - All services started. System is running...
2025-08-05 09:03:48 - main - INFO - Classifier started via main.py
2025-08-05 09:03:48 - main - INFO - Router started via main.py
2025-08-05 09:04:15 - main - INFO - Initializing Kafka infrastructure...
2025-08-05 09:04:15 - main - WARNING - Kafka not available: [Error 36] TopicAlreadyExistsError: Request 'CreateTopicsRequest_v3(create_topic_requests=[(topic='doc.ingested', num_partitions=1, replication_factor=1, replica_assignment=[], configs=[]), (topic='doc.extracted', num_partitions=1, replication_factor=1, replica_assignment=[], configs=[]), (topic='doc.classified', num_partitions=1, replication_factor=1, replica_assignment=[], configs=[]), (topic='doc.routed', num_partitions=1, replication_factor=1, replica_assignment=[], configs=[])], timeout=30000, validate_only=False)' failed with response 'CreateTopicsResponse_v3(throttle_time_ms=0, topic_errors=[(topic='doc.ingested', error_code=36, error_message="Topic 'doc.ingested' already exists."), (topic='doc.extracted', error_code=36, error_message="Topic 'doc.extracted' already exists."), (topic='doc.classified', error_code=36, error_message="Topic 'doc.classified' already exists."), (topic='doc.routed', error_code=36, error_message="Topic 'doc.routed' already exists.")])'.
2025-08-05 09:04:15 - main - INFO - System will continue without Kafka setup
2025-08-05 09:04:15 - main - INFO - Starting all microservices...
2025-08-05 09:04:15 - main - INFO - Unified Ingestor started via main.py
2025-08-05 09:04:15 - main - INFO - Extractor started via main.py
2025-08-05 09:04:15 - main - INFO - Classifier started via main.py
2025-08-05 09:04:15 - main - INFO - All services started. System is running...
2025-08-05 09:04:15 - main - INFO - Router started via main.py
2025-08-05 09:08:51 - main - INFO - Initializing Kafka infrastructure...
2025-08-05 09:08:51 - main - WARNING - Kafka not available: [Error 36] TopicAlreadyExistsError: Request 'CreateTopicsRequest_v3(create_topic_requests=[(topic='doc.ingested', num_partitions=1, replication_factor=1, replica_assignment=[], configs=[]), (topic='doc.extracted', num_partitions=1, replication_factor=1, replica_assignment=[], configs=[]), (topic='doc.classified', num_partitions=1, replication_factor=1, replica_assignment=[], configs=[]), (topic='doc.routed', num_partitions=1, replication_factor=1, replica_assignment=[], configs=[])], timeout=30000, validate_only=False)' failed with response 'CreateTopicsResponse_v3(throttle_time_ms=0, topic_errors=[(topic='doc.ingested', error_code=36, error_message="Topic 'doc.ingested' already exists."), (topic='doc.extracted', error_code=36, error_message="Topic 'doc.extracted' already exists."), (topic='doc.classified', error_code=36, error_message="Topic 'doc.classified' already exists."), (topic='doc.routed', error_code=36, error_message="Topic 'doc.routed' already exists.")])'.
2025-08-05 09:08:51 - main - INFO - System will continue without Kafka setup
2025-08-05 09:08:51 - main - INFO - Starting all microservices...
2025-08-05 09:08:51 - main - INFO - Unified Ingestor started via main.py
2025-08-05 09:08:51 - main - INFO - Extractor started via main.py
2025-08-05 09:08:51 - main - INFO - All services started. System is running...
2025-08-05 09:08:51 - main - INFO - Classifier started via main.py
2025-08-05 09:08:51 - main - INFO - Router started via main.py
2025-08-05 09:13:12 - main - INFO - Initializing Kafka infrastructure...
2025-08-05 09:13:12 - main - WARNING - Kafka not available: [Error 36] TopicAlreadyExistsError: Request 'CreateTopicsRequest_v3(create_topic_requests=[(topic='doc.ingested', num_partitions=1, replication_factor=1, replica_assignment=[], configs=[]), (topic='doc.extracted', num_partitions=1, replication_factor=1, replica_assignment=[], configs=[]), (topic='doc.classified', num_partitions=1, replication_factor=1, replica_assignment=[], configs=[]), (topic='doc.routed', num_partitions=1, replication_factor=1, replica_assignment=[], configs=[])], timeout=30000, validate_only=False)' failed with response 'CreateTopicsResponse_v3(throttle_time_ms=0, topic_errors=[(topic='doc.ingested', error_code=36, error_message="Topic 'doc.ingested' already exists."), (topic='doc.extracted', error_code=36, error_message="Topic 'doc.extracted' already exists."), (topic='doc.classified', error_code=36, error_message="Topic 'doc.classified' already exists."), (topic='doc.routed', error_code=36, error_message="Topic 'doc.routed' already exists.")])'.
2025-08-05 09:13:12 - main - INFO - System will continue without Kafka setup
2025-08-05 09:13:12 - main - INFO - Starting all microservices...
2025-08-05 09:13:12 - main - INFO - Unified Ingestor started via main.py
2025-08-05 09:13:12 - main - INFO - All services started. System is running...
2025-08-05 09:13:12 - main - INFO - Router started via main.py
2025-08-05 09:13:12 - main - INFO - Classifier started via main.py
2025-08-05 09:13:12 - main - INFO - Extractor started via main.py
2025-08-05 09:16:29 - main - INFO - Initializing Kafka infrastructure...
2025-08-05 09:16:29 - main - WARNING - Kafka not available: [Error 36] TopicAlreadyExistsError: Request 'CreateTopicsRequest_v3(create_topic_requests=[(topic='doc.ingested', num_partitions=1, replication_factor=1, replica_assignment=[], configs=[]), (topic='doc.extracted', num_partitions=1, replication_factor=1, replica_assignment=[], configs=[]), (topic='doc.classified', num_partitions=1, replication_factor=1, replica_assignment=[], configs=[]), (topic='doc.routed', num_partitions=1, replication_factor=1, replica_assignment=[], configs=[])], timeout=30000, validate_only=False)' failed with response 'CreateTopicsResponse_v3(throttle_time_ms=0, topic_errors=[(topic='doc.ingested', error_code=36, error_message="Topic 'doc.ingested' already exists."), (topic='doc.extracted', error_code=36, error_message="Topic 'doc.extracted' already exists."), (topic='doc.classified', error_code=36, error_message="Topic 'doc.classified' already exists."), (topic='doc.routed', error_code=36, error_message="Topic 'doc.routed' already exists.")])'.
2025-08-05 09:16:29 - main - INFO - System will continue without Kafka setup
2025-08-05 09:16:29 - main - INFO - Starting all microservices...
2025-08-05 09:16:29 - main - INFO - Unified Ingestor started via main.py
2025-08-05 09:16:29 - main - INFO - Extractor started via main.py
2025-08-05 09:16:29 - main - INFO - Classifier started via main.py
2025-08-05 09:16:29 - main - INFO - All services started. System is running...
2025-08-05 09:16:29 - main - INFO - Router started via main.py
2025-08-05 12:46:29 - main - INFO - Initializing Kafka infrastructure...
2025-08-05 12:46:29 - main - WARNING - Kafka not available: [Error 36] TopicAlreadyExistsError: Request 'CreateTopicsRequest_v3(create_topic_requests=[(topic='doc.ingested', num_partitions=1, replication_factor=1, replica_assignment=[], configs=[]), (topic='doc.extracted', num_partitions=1, replication_factor=1, replica_assignment=[], configs=[]), (topic='doc.classified', num_partitions=1, replication_factor=1, replica_assignment=[], configs=[]), (topic='doc.routed', num_partitions=1, replication_factor=1, replica_assignment=[], configs=[])], timeout=30000, validate_only=False)' failed with response 'CreateTopicsResponse_v3(throttle_time_ms=0, topic_errors=[(topic='doc.ingested', error_code=36, error_message="Topic 'doc.ingested' already exists."), (topic='doc.extracted', error_code=36, error_message="Topic 'doc.extracted' already exists."), (topic='doc.classified', error_code=36, error_message="Topic 'doc.classified' already exists."), (topic='doc.routed', error_code=36, error_message="Topic 'doc.routed' already exists.")])'.
2025-08-05 12:46:29 - main - INFO - System will continue without Kafka setup
2025-08-05 12:46:29 - main - INFO - Starting all microservices...
2025-08-05 12:46:29 - main - INFO - Unified Ingestor started via main.py
2025-08-05 12:46:29 - main - INFO - Extractor started via main.py
2025-08-05 12:46:29 - main - INFO - All services started. System is running...
2025-08-05 12:46:29 - main - INFO - Classifier started via main.py
2025-08-05 12:46:29 - main - INFO - Router started via main.py
2025-08-05 23:29:55 - main - INFO - Initializing Kafka infrastructure...
2025-08-05 23:29:55 - main - WARNING - Kafka not available: [Error 36] TopicAlreadyExistsError: Request 'CreateTopicsRequest_v3(create_topic_requests=[(topic='doc.ingested', num_partitions=1, replication_factor=1, replica_assignment=[], configs=[]), (topic='doc.extracted', num_partitions=1, replication_factor=1, replica_assignment=[], configs=[]), (topic='doc.classified', num_partitions=1, replication_factor=1, replica_assignment=[], configs=[]), (topic='doc.routed', num_partitions=1, replication_factor=1, replica_assignment=[], configs=[])], timeout=30000, validate_only=False)' failed with response 'CreateTopicsResponse_v3(throttle_time_ms=0, topic_errors=[(topic='doc.ingested', error_code=36, error_message="Topic 'doc.ingested' already exists."), (topic='doc.extracted', error_code=36, error_message="Topic 'doc.extracted' already exists."), (topic='doc.classified', error_code=36, error_message="Topic 'doc.classified' already exists."), (topic='doc.routed', error_code=36, error_message="Topic 'doc.routed' already exists.")])'.
2025-08-05 23:29:55 - main - INFO - System will continue without Kafka setup
2025-08-05 23:29:55 - main - INFO - Starting all microservices...
2025-08-05 23:29:55 - main - INFO - Unified Ingestor started via main.py
2025-08-05 23:29:55 - main - INFO - Extractor started via main.py
2025-08-05 23:29:55 - main - INFO - Classifier started via main.py
2025-08-05 23:29:55 - main - INFO - All services started. System is running...
2025-08-05 23:29:55 - main - INFO - Router started via main.py
2025-08-05 23:41:14 - main - INFO - Initializing Kafka infrastructure...
2025-08-05 23:41:14 - main - WARNING - Kafka not available: [Error 36] TopicAlreadyExistsError: Request 'CreateTopicsRequest_v3(create_topic_requests=[(topic='doc.ingested', num_partitions=1, replication_factor=1, replica_assignment=[], configs=[]), (topic='doc.extracted', num_partitions=1, replication_factor=1, replica_assignment=[], configs=[]), (topic='doc.classified', num_partitions=1, replication_factor=1, replica_assignment=[], configs=[]), (topic='doc.routed', num_partitions=1, replication_factor=1, replica_assignment=[], configs=[])], timeout=30000, validate_only=False)' failed with response 'CreateTopicsResponse_v3(throttle_time_ms=0, topic_errors=[(topic='doc.ingested', error_code=36, error_message="Topic 'doc.ingested' already exists."), (topic='doc.extracted', error_code=36, error_message="Topic 'doc.extracted' already exists."), (topic='doc.classified', error_code=36, error_message="Topic 'doc.classified' already exists."), (topic='doc.routed', error_code=36, error_message="Topic 'doc.routed' already exists.")])'.
2025-08-05 23:41:14 - main - INFO - System will continue without Kafka setup
2025-08-05 23:41:14 - main - INFO - Starting all microservices...
2025-08-05 23:41:14 - main - INFO - Unified Ingestor started via main.py
2025-08-05 23:41:14 - main - INFO - Extractor started via main.py
2025-08-05 23:41:14 - main - INFO - All services started. System is running...
2025-08-05 23:41:14 - main - INFO - Classifier started via main.py
2025-08-05 23:41:14 - main - INFO - Router started via main.py
